Component: ARM Compiler 5.06 update 6 (build 750) Tool: armlink [4d35ed]

==============================================================================

Section Cross References

    cmd.o(.text) refers to memseta.o(.text) for __aeabi_memclr4
    cmd.o(.text) refers to strstr.o(.text) for strstr
    cmd.o(.text) refers to strlen.o(.text) for strlen
    cmd.o(.text) refers to hal_usart.o(.text) for _dbg_printf
    cmd.o(.text) refers to cmd_fn.o(.constdata) for known_commands
    cmd_fn.o(.text) refers to memseta.o(.text) for __aeabi_memclr4
    cmd_fn.o(.text) refers to printfa.o(i.__0sprintf) for __2sprintf
    cmd_fn.o(.text) refers to strlen.o(.text) for strlen
    cmd_fn.o(.text) refers to generic_cmd.o(.text) for port_tx_msg
    cmd_fn.o(.text) refers to generic.o(.text) for App_Module_Sys_Write_NVM
    cmd_fn.o(.text) refers to hal_usart.o(.text) for _dbg_printf
    cmd_fn.o(.text) refers to hal_timer.o(.text) for HalDelay_nMs
    cmd_fn.o(.text) refers to atoi.o(.text) for atoi
    cmd_fn.o(.text) refers to tag.o(.text) for tag_start
    cmd_fn.o(.text) refers to node.o(.text) for node_start
    cmd_fn.o(.text) refers to oled_i2c.o(.text) for OLED_CLS
    cmd_fn.o(.text) refers to atof.o(i.atof) for atof
    cmd_fn.o(.text) refers to d2f.o(.text) for __aeabi_d2f
    cmd_fn.o(.text) refers to f2d.o(.text) for __aeabi_f2d
    cmd_fn.o(.text) refers to lis2dh12.o(.text) for drv_lis2dh12_get_angle
    cmd_fn.o(.text) refers to generic.o(.data) for sys_para
    cmd_fn.o(.text) refers to config.o(.data) for app
    cmd_fn.o(.text) refers to cmd_fn.o(.conststring) for .conststring
    cmd_fn.o(.text) refers to hal_led.o(.text) for flow_light
    cmd_fn.o(.text) refers to tag_list.o(.text) for getDList
    cmd_fn.o(.text) refers to printfa.o(i.__0snprintf) for __2snprintf
    cmd_fn.o(.text) refers to strtoull.o(.text) for strtoull
    cmd_fn.o(.text) refers to strtoul.o(.text) for strtoul
    cmd_fn.o(.text) refers to cmd_fn.o(.data) for .data
    cmd_fn.o(.constdata) refers to cmd_fn.o(.conststring) for .conststring
    cmd_fn.o(.constdata) refers to cmd_fn.o(.text) for f_getver
    generic.o(.text) refers to hal_usart.o(.text) for _dbg_printf
    generic.o(.text) refers to memcpya.o(.text) for __aeabi_memcpy4
    generic.o(.text) refers to hal_timer.o(.text) for HalDelay_nMs
    generic.o(.text) refers to hal_flash.o(.text) for HalWrite_Flash
    generic.o(.text) refers to stm32f10x_gpio.o(.text) for GPIO_PinRemapConfig
    generic.o(.text) refers to generic_cmd.o(.text) for App_Module_CMD_Queue_Init
    generic.o(.text) refers to hal_led.o(.text) for HalLed_Mode_Set
    generic.o(.text) refers to generic.o(.data) for .data
    generic_cmd.o(.text) refers to memseta.o(.text) for __aeabi_memclr4
    generic_cmd.o(.text) refers to osal.o(.text) for osal_CreateQueue
    generic_cmd.o(.text) refers to hal_usb.o(.text) for HalUsbRead
    generic_cmd.o(.text) refers to cmd.o(.text) for command_parser
    generic_cmd.o(.text) refers to ait_cmd.o(.text) for at_cmd_recv
    generic_cmd.o(.text) refers to memcpya.o(.text) for __aeabi_memcpy
    generic_cmd.o(.text) refers to hal_usart.o(.text) for USART1_SendBuffer
    generic_cmd.o(.text) refers to stm32f10x_dma.o(.text) for DMA_GetITStatus
    generic_cmd.o(.text) refers to generic_cmd.o(.bss) for .bss
    generic_cmd.o(.text) refers to generic_cmd.o(.data) for .data
    generic_cmd.o(.text) refers to generic.o(.data) for sys_para
    generic_cmd.o(.text) refers to hal_usart.o(.data) for USART1_DMA_RX_BYTE
    user_out.o(.text) refers to dfltui.o(.text) for __aeabi_ui2d
    user_out.o(.text) refers to ddiv.o(.text) for __aeabi_ddiv
    user_out.o(.text) refers to hal_usart.o(.text) for _dbg_printf
    user_out.o(.text) refers to f2d.o(.text) for __aeabi_f2d
    user_out.o(.text) refers to user_out.o(.data) for .data
    hal_drivers.o(.text) refers to misc.o(.text) for NVIC_PriorityGroupConfig
    hal_drivers.o(.text) refers to hal_timer.o(.text) for HalTimerInit
    hal_drivers.o(.text) refers to hal_flash.o(.text) for HalFlashInit
    hal_drivers.o(.text) refers to generic.o(.text) for App_Module_Sys_Read_NVM
    hal_drivers.o(.text) refers to hal_led.o(.text) for HalLedInit
    hal_drivers.o(.text) refers to hal_usart.o(.text) for HalUARTInit
    hal_drivers.o(.text) refers to hal_spi.o(.text) for HalSpiInit
    hal_drivers.o(.text) refers to hal_usb.o(.text) for HalUsbInit
    hal_drivers.o(.text) refers to hal_iic.o(.text) for Hal_I2C_LCD_Init
    hal_drivers.o(.text) refers to lis2dh12.o(.text) for HalIis2dh12Init
    hal_drivers.o(.text) refers to generic.o(.data) for sys_para
    hal_flash.o(.text) refers to stm32f10x_flash.o(.text) for FLASH_Unlock
    hal_iic.o(.text) refers to stm32f10x_rcc.o(.text) for RCC_APB1PeriphClockCmd
    hal_iic.o(.text) refers to stm32f10x_gpio.o(.text) for GPIO_Init
    hal_iic.o(.text) refers to stm32f10x_i2c.o(.text) for I2C_DeInit
    hal_iic.o(.text) refers to oled_i2c.o(.text) for OLED_Init
[...]
    I2S_Cmd                                  0x08007e43   Thumb Code    20  stm32f10x_spi.o(.text)
    SPI_I2S_ITConfig                         0x08007e57   Thumb Code    24  stm32f10x_spi.o(.text)
    SPI_I2S_DMACmd                           0x08007e6f   Thumb Code    16  stm32f10x_spi.o(.text)
    SPI_I2S_SendData                         0x08007e7f   Thumb Code     4  stm32f10x_spi.o(.text)
    SPI_I2S_ReceiveData                      0x08007e83   Thumb Code     4  stm32f10x_spi.o(.text)
    SPI_NSSInternalSoftwareConfig            0x08007e87   Thumb Code    24  stm32f10x_spi.o(.text)
    SPI_SSOutputCmd                          0x08007e9f   Thumb Code    20  stm32f10x_spi.o(.text)
    SPI_DataSizeConfig                       0x08007eb3   Thumb Code    16  stm32f10x_spi.o(.text)
    SPI_TransmitCRC                          0x08007ec3   Thumb Code    10  stm32f10x_spi.o(.text)
    SPI_CalculateCRC                         0x08007ecd   Thumb Code    20  stm32f10x_spi.o(.text)
    SPI_GetCRC                               0x08007ee1   Thumb Code    12  stm32f10x_spi.o(.text)
    SPI_GetCRCPolynomial                     0x08007eed   Thumb Code     4  stm32f10x_spi.o(.text)
    SPI_BiDirectionalLineConfig              0x08007ef1   Thumb Code    22  stm32f10x_spi.o(.text)
    SPI_I2S_GetFlagStatus                    0x08007f07   Thumb Code    14  stm32f10x_spi.o(.text)
    SPI_I2S_ClearFlag                        0x08007f15   Thumb Code     6  stm32f10x_spi.o(.text)
    SPI_I2S_GetITStatus                      0x08007f1b   Thumb Code    42  stm32f10x_spi.o(.text)
    SPI_I2S_ClearITPendingBit                0x08007f45   Thumb Code    14  stm32f10x_spi.o(.text)
    TIM_DeInit                               0x08007f61   Thumb Code   304  stm32f10x_tim.o(.text)
    TIM_TimeBaseInit                         0x08008091   Thumb Code   114  stm32f10x_tim.o(.text)
    TIM_OC1Init                              0x08008103   Thumb Code   106  stm32f10x_tim.o(.text)
    TIM_OC2Init                              0x0800816d   Thumb Code   120  stm32f10x_tim.o(.text)
    TIM_OC3Init                              0x080081e5   Thumb Code   116  stm32f10x_tim.o(.text)
    TIM_OC4Init                              0x08008259   Thumb Code    90  stm32f10x_tim.o(.text)
    TIM_SetIC4Prescaler                      0x080082b3   Thumb Code    24  stm32f10x_tim.o(.text)
    TIM_SetIC3Prescaler                      0x080082cb   Thumb Code    16  stm32f10x_tim.o(.text)
    TIM_SetIC2Prescaler                      0x080082db   Thumb Code    24  stm32f10x_tim.o(.text)
    TIM_SetIC1Prescaler                      0x08008399   Thumb Code    16  stm32f10x_tim.o(.text)
    TIM_ICInit                               0x08008401   Thumb Code   272  stm32f10x_tim.o(.text)
    TIM_PWMIConfig                           0x08008511   Thumb Code   104  stm32f10x_tim.o(.text)
    TIM_BDTRConfig                           0x08008579   Thumb Code    34  stm32f10x_tim.o(.text)
    TIM_TimeBaseStructInit                   0x0800859b   Thumb Code    18  stm32f10x_tim.o(.text)
    TIM_OCStructInit                         0x080085ad   Thumb Code    20  stm32f10x_tim.o(.text)
    TIM_ICStructInit                         0x080085c1   Thumb Code    16  stm32f10x_tim.o(.text)
    TIM_BDTRStructInit                       0x080085d1   Thumb Code    18  stm32f10x_tim.o(.text)
    TIM_Cmd                                  0x080085e3   Thumb Code    20  stm32f10x_tim.o(.text)
    TIM_CtrlPWMOutputs                       0x080085f7   Thumb Code    22  stm32f10x_tim.o(.text)
    TIM_ITConfig                             0x0800860d   Thumb Code    16  stm32f10x_tim.o(.text)
    TIM_GenerateEvent                        0x0800861d   Thumb Code     4  stm32f10x_tim.o(.text)
    TIM_DMAConfig                            0x08008621   Thumb Code     8  stm32f10x_tim.o(.text)
    TIM_DMACmd                               0x08008629   Thumb Code    16  stm32f10x_tim.o(.text)
    TIM_InternalClockConfig                  0x08008639   Thumb Code    10  stm32f10x_tim.o(.text)
    TIM_SelectInputTrigger                   0x08008643   Thumb Code    12  stm32f10x_tim.o(.text)
    TIM_ITRxExternalClockConfig              0x0800864f   Thumb Code    18  stm32f10x_tim.o(.text)
    TIM_TIxExternalClockConfig               0x08008661   Thumb Code    46  stm32f10x_tim.o(.text)
    TIM_ETRConfig                            0x0800868f   Thumb Code    24  stm32f10x_tim.o(.text)
    TIM_ETRClockMode1Config                  0x080086a7   Thumb Code    18  stm32f10x_tim.o(.text)
    TIM_ETRClockMode2Config                  0x080086b9   Thumb Code    18  stm32f10x_tim.o(.text)
    TIM_PrescalerConfig                      0x080086cb   Thumb Code     6  stm32f10x_tim.o(.text)
    TIM_CounterModeConfig                    0x080086d1   Thumb Code    12  stm32f10x_tim.o(.text)
    TIM_EncoderInterfaceConfig               0x080086dd   Thumb Code    50  stm32f10x_tim.o(.text)
    TIM_ForcedOC1Config                      0x0800870f   Thumb Code    12  stm32f10x_tim.o(.text)
    TIM_ForcedOC2Config                      0x0800871b   Thumb Code    20  stm32f10x_tim.o(.text)
    TIM_ForcedOC3Config                      0x0800872f   Thumb Code    12  stm32f10x_tim.o(.text)
    TIM_ForcedOC4Config                      0x0800873b   Thumb Code    20  stm32f10x_tim.o(.text)
    TIM_ARRPreloadConfig                     0x0800874f   Thumb Code    20  stm32f10x_tim.o(.text)
    TIM_SelectCOM                            0x08008763   Thumb Code    20  stm32f10x_tim.o(.text)
    TIM_SelectCCDMA                          0x08008777   Thumb Code    20  stm32f10x_tim.o(.text)
    TIM_CCPreloadControl                     0x0800878b   Thumb Code    20  stm32f10x_tim.o(.text)
    TIM_OC1PreloadConfig                     0x0800879f   Thumb Code    34  stm32f10x_tim.o(.text)
    TIM_OC2PreloadConfig                     0x080087c1   Thumb Code    20  stm32f10x_tim.o(.text)
    TIM_OC3PreloadConfig                     0x080087d5   Thumb Code    12  stm32f10x_tim.o(.text)
    TIM_OC4PreloadConfig                     0x080087e1   Thumb Code    20  stm32f10x_tim.o(.text)
    TIM_OC1FastConfig                        0x080087f5   Thumb Code    12  stm32f10x_tim.o(.text)
    TIM_OC2FastConfig                        0x08008801   Thumb Code    20  stm32f10x_tim.o(.text)
    TIM_OC3FastConfig                        0x08008815   Thumb Code    12  stm32f10x_tim.o(.text)
    TIM_OC4FastConfig                        0x08008821   Thumb Code    20  stm32f10x_tim.o(.text)
    TIM_ClearOC1Ref                          0x08008835   Thumb Code    12  stm32f10x_tim.o(.text)
    TIM_ClearOC2Ref                          0x08008841   Thumb Code    20  stm32f10x_tim.o(.text)
    TIM_ClearOC3Ref                          0x08008855   Thumb Code    12  stm32f10x_tim.o(.text)
    TIM_ClearOC4Ref                          0x08008861   Thumb Code    20  stm32f10x_tim.o(.text)
    TIM_OC1PolarityConfig                    0x08008875   Thumb Code    12  stm32f10x_tim.o(.text)
    TIM_OC1NPolarityConfig                   0x08008881   Thumb Code    12  stm32f10x_tim.o(.text)
    TIM_OC2PolarityConfig                    0x0800888d   Thumb Code    20  stm32f10x_tim.o(.text)
    TIM_OC2NPolarityConfig                   0x080088a1   Thumb Code    20  stm32f10x_tim.o(.text)
    TIM_OC3PolarityConfig                    0x080088b5   Thumb Code    20  stm32f10x_tim.o(.text)
    TIM_OC3NPolarityConfig                   0x080088c9   Thumb Code    20  stm32f10x_tim.o(.text)
    TIM_OC4PolarityConfig                    0x080088dd   Thumb Code    20  stm32f10x_tim.o(.text)
    TIM_CCxCmd                               0x080088f1   Thumb Code    22  stm32f10x_tim.o(.text)
    TIM_CCxNCmd                              0x08008907   Thumb Code    22  stm32f10x_tim.o(.text)
    TIM_SelectOCxM                           0x0800891d   Thumb Code    70  stm32f10x_tim.o(.text)
    TIM_UpdateDisableConfig                  0x08008963   Thumb Code    20  stm32f10x_tim.o(.text)
    TIM_UpdateRequestConfig                  0x08008977   Thumb Code    20  stm32f10x_tim.o(.text)
    TIM_SelectHallSensor                     0x0800898b   Thumb Code    20  stm32f10x_tim.o(.text)
    TIM_SelectOnePulseMode                   0x0800899f   Thumb Code    16  stm32f10x_tim.o(.text)
    TIM_SelectOutputTrigger                  0x080089af   Thumb Code    16  stm32f10x_tim.o(.text)
    TIM_SelectSlaveMode                      0x080089bf   Thumb Code    16  stm32f10x_tim.o(.text)
    TIM_SelectMasterSlaveMode                0x080089cf   Thumb Code    16  stm32f10x_tim.o(.text)
    TIM_SetCounter                           0x080089df   Thumb Code     4  stm32f10x_tim.o(.text)
    TIM_SetAutoreload                        0x080089e3   Thumb Code     4  stm32f10x_tim.o(.text)
    TIM_SetCompare1                          0x080089e7   Thumb Code     4  stm32f10x_tim.o(.text)
    TIM_SetCompare2                          0x080089eb   Thumb Code     4  stm32f10x_tim.o(.text)
    TIM_SetCompare3                          0x080089ef   Thumb Code     4  stm32f10x_tim.o(.text)
    TIM_SetCompare4                          0x080089f3   Thumb Code     6  stm32f10x_tim.o(.text)
    TIM_SetClockDivision                     0x080089f9   Thumb Code    16  stm32f10x_tim.o(.text)
    TIM_GetCapture1                          0x08008a09   Thumb Code     4  stm32f10x_tim.o(.text)
    TIM_GetCapture2                          0x08008a0d   Thumb Code     4  stm32f10x_tim.o(.text)
    TIM_GetCapture3                          0x08008a11   Thumb Code     4  stm32f10x_tim.o(.text)
    TIM_GetCapture4                          0x08008a15   Thumb Code     6  stm32f10x_tim.o(.text)
    TIM_GetCounter                           0x08008a1b   Thumb Code     4  stm32f10x_tim.o(.text)
    TIM_GetPrescaler                         0x08008a1f   Thumb Code     4  stm32f10x_tim.o(.text)
    TIM_GetFlagStatus                        0x08008a23   Thumb Code    14  stm32f10x_tim.o(.text)
    TIM_ClearFlag                            0x08008a31   Thumb Code     6  stm32f10x_tim.o(.text)
    TIM_GetITStatus                          0x08008a37   Thumb Code    24  stm32f10x_tim.o(.text)
    TIM_ClearITPendingBit                    0x08008a4f   Thumb Code     6  stm32f10x_tim.o(.text)
    USART_DeInit                             0x08008a55   Thumb Code    96  stm32f10x_usart.o(.text)
    USART_Init                               0x08008ab5   Thumb Code   166  stm32f10x_usart.o(.text)
    USART_StructInit                         0x08008b5b   Thumb Code    22  stm32f10x_usart.o(.text)
    USART_ClockInit                          0x08008b71   Thumb Code    30  stm32f10x_usart.o(.text)
    USART_ClockStructInit                    0x08008b8f   Thumb Code    12  stm32f10x_usart.o(.text)
    USART_Cmd                                0x08008b9b   Thumb Code    20  stm32f10x_usart.o(.text)
    USART_ITConfig                           0x08008baf   Thumb Code    48  stm32f10x_usart.o(.text)
    USART_DMACmd                             0x08008bdf   Thumb Code    16  stm32f10x_usart.o(.text)
    USART_SetAddress                         0x08008bef   Thumb Code    16  stm32f10x_usart.o(.text)
    USART_WakeUpConfig                       0x08008bff   Thumb Code    16  stm32f10x_usart.o(.text)
    USART_ReceiverWakeUpCmd                  0x08008c0f   Thumb Code    20  stm32f10x_usart.o(.text)
    USART_LINBreakDetectLengthConfig         0x08008c23   Thumb Code    16  stm32f10x_usart.o(.text)
    USART_LINCmd                             0x08008c33   Thumb Code    20  stm32f10x_usart.o(.text)
    USART_SendData                           0x08008c47   Thumb Code     8  stm32f10x_usart.o(.text)
    USART_ReceiveData                        0x08008c4f   Thumb Code     8  stm32f10x_usart.o(.text)
    USART_SendBreak                          0x08008c57   Thumb Code    10  stm32f10x_usart.o(.text)
    USART_SetGuardTime                       0x08008c61   Thumb Code    16  stm32f10x_usart.o(.text)
    USART_SetPrescaler                       0x08008c71   Thumb Code    16  stm32f10x_usart.o(.text)
    USART_SmartCardCmd                       0x08008c81   Thumb Code    20  stm32f10x_usart.o(.text)
    USART_SmartCardNACKCmd                   0x08008c95   Thumb Code    20  stm32f10x_usart.o(.text)
    USART_HalfDuplexCmd                      0x08008ca9   Thumb Code    20  stm32f10x_usart.o(.text)
    USART_OverSampling8Cmd                   0x08008cbd   Thumb Code    20  stm32f10x_usart.o(.text)
    USART_OneBitMethodCmd                    0x08008cd1   Thumb Code    20  stm32f10x_usart.o(.text)
    USART_IrDAConfig                         0x08008ce5   Thumb Code    16  stm32f10x_usart.o(.text)
    USART_IrDACmd                            0x08008cf5   Thumb Code    20  stm32f10x_usart.o(.text)
    USART_GetFlagStatus                      0x08008d09   Thumb Code    14  stm32f10x_usart.o(.text)
    USART_ClearFlag                          0x08008d17   Thumb Code     6  stm32f10x_usart.o(.text)
    USART_GetITStatus                        0x08008d1d   Thumb Code    62  stm32f10x_usart.o(.text)
    USART_ClearITPendingBit                  0x08008d5b   Thumb Code    12  stm32f10x_usart.o(.text)
    Reset_Handler                            0x08008d7d   Thumb Code     8  startup_stm32f10x_md.o(.text)
    ADC1_2_IRQHandler                        0x08008d97   Thumb Code     0  startup_stm32f10x_md.o(.text)
    CAN1_RX1_IRQHandler                      0x08008d97   Thumb Code     0  startup_stm32f10x_md.o(.text)
    CAN1_SCE_IRQHandler                      0x08008d97   Thumb Code     0  startup_stm32f10x_md.o(.text)
    DMA1_Channel1_IRQHandler                 0x08008d97   Thumb Code     0  startup_stm32f10x_md.o(.text)
    DMA1_Channel2_IRQHandler                 0x08008d97   Thumb Code     0  startup_stm32f10x_md.o(.text)
    DMA1_Channel3_IRQHandler                 0x08008d97   Thumb Code     0  startup_stm32f10x_md.o(.text)
    DMA1_Channel6_IRQHandler                 0x08008d97   Thumb Code     0  startup_stm32f10x_md.o(.text)
    DMA1_Channel7_IRQHandler                 0x08008d97   Thumb Code     0  startup_stm32f10x_md.o(.text)
    EXTI0_IRQHandler                         0x08008d97   Thumb Code     0  startup_stm32f10x_md.o(.text)
    EXTI15_10_IRQHandler                     0x08008d97   Thumb Code     0  startup_stm32f10x_md.o(.text)
    EXTI1_IRQHandler                         0x08008d97   Thumb Code     0  startup_stm32f10x_md.o(.text)
    EXTI2_IRQHandler                         0x08008d97   Thumb Code     0  startup_stm32f10x_md.o(.text)
    EXTI3_IRQHandler                         0x08008d97   Thumb Code     0  startup_stm32f10x_md.o(.text)
    EXTI4_IRQHandler                         0x08008d97   Thumb Code     0  startup_stm32f10x_md.o(.text)
    FLASH_IRQHandler                         0x08008d97   Thumb Code     0  startup_stm32f10x_md.o(.text)
    I2C1_ER_IRQHandler                       0x08008d97   Thumb Code     0  startup_stm32f10x_md.o(.text)
    I2C1_EV_IRQHandler                       0x08008d97   Thumb Code     0  startup_stm32f10x_md.o(.text)
    I2C2_ER_IRQHandler                       0x08008d97   Thumb Code     0  startup_stm32f10x_md.o(.text)
    I2C2_EV_IRQHandler                       0x08008d97   Thumb Code     0  startup_stm32f10x_md.o(.text)
    PVD_IRQHandler                           0x08008d97   Thumb Code     0  startup_stm32f10x_md.o(.text)
    RCC_IRQHandler                           0x08008d97   Thumb Code     0  startup_stm32f10x_md.o(.text)
    RTCAlarm_IRQHandler                      0x08008d97   Thumb Code     0  startup_stm32f10x_md.o(.text)
    RTC_IRQHandler                           0x08008d97   Thumb Code     0  startup_stm32f10x_md.o(.text)
    SPI1_IRQHandler                          0x08008d97   Thumb Code     0  startup_stm32f10x_md.o(.text)
    SPI2_IRQHandler                          0x08008d97   Thumb Code     0  startup_stm32f10x_md.o(.text)
    TAMPER_IRQHandler                        0x08008d97   Thumb Code     0  startup_stm32f10x_md.o(.text)
    TIM1_BRK_IRQHandler                      0x08008d97   Thumb Code     0  startup_stm32f10x_md.o(.text)
    TIM1_CC_IRQHandler                       0x08008d97   Thumb Code     0  startup_stm32f10x_md.o(.text)
    TIM1_TRG_COM_IRQHandler                  0x08008d97   Thumb Code     0  startup_stm32f10x_md.o(.text)
    TIM1_UP_IRQHandler                       0x08008d97   Thumb Code     0  startup_stm32f10x_md.o(.text)
    TIM3_IRQHandler                          0x08008d97   Thumb Code     0  startup_stm32f10x_md.o(.text)
    TIM4_IRQHandler                          0x08008d97   Thumb Code     0  startup_stm32f10x_md.o(.text)
    USART1_IRQHandler                        0x08008d97   Thumb Code     0  startup_stm32f10x_md.o(.text)
    USART3_IRQHandler                        0x08008d97   Thumb Code     0  startup_stm32f10x_md.o(.text)
    USB_HP_CAN1_TX_IRQHandler                0x08008d97   Thumb Code     0  startup_stm32f10x_md.o(.text)
    WWDG_IRQHandler                          0x08008d97   Thumb Code     0  startup_stm32f10x_md.o(.text)
    SystemInit                               0x08008e41   Thumb Code    64  system_stm32f10x.o(.text)
    SystemCoreClockUpdate                    0x08008e81   Thumb Code    84  system_stm32f10x.o(.text)
    AT_CmdFunc_version                       0x08008ef5   Thumb Code    12  ait_cmd.o(.text)
    AT_CmdFunc_RST                           0x08008f01   Thumb Code    42  ait_cmd.o(.text)
    FLASH_ReadHalfWord                       0x08008f2b   Thumb Code     4  ait_cmd.o(.text)
    FLASH_ReadWord                           0x08008f2f   Thumb Code    10  ait_cmd.o(.text)
    FLASH_ReadMoreData                       0x08008f39   Thumb Code    26  ait_cmd.o(.text)
    FLASH_WriteMoreData                      0x08008f53   Thumb Code    82  ait_cmd.o(.text)
    StringToHex                              0x08008fa5   Thumb Code   124  ait_cmd.o(.text)
    StringToHex2                             0x08009021   Thumb Code    88  ait_cmd.o(.text)
    AT_CmdFunc_ANCHOR_GPIOTEST               0x080094bf   Thumb Code    46  ait_cmd.o(.text)
    rx_with_xtal_trim                        0x080094ed   Thumb Code   454  ait_cmd.o(.text)
    AT_CmdFunc_RFTEST                        0x080096b3   Thumb Code    20  ait_cmd.o(.text)
    rx_diagnostics                           0x080096c7   Thumb Code   966  ait_cmd.o(.text)
    AT_CmdFunc_RSSI                          0x08009a8d   Thumb Code    20  ait_cmd.o(.text)
    CLI_strtoi                               0x08009aa1   Thumb Code   100  ait_cmd.o(.text)
    AIT_eui64_wr                             0x08009b05   Thumb Code    94  ait_cmd.o(.text)
    AT_CmdFunc_UwbMac                        0x08009b63   Thumb Code   346  ait_cmd.o(.text)
    AT_CmdFunc_FACTORY                       0x08009cbd   Thumb Code   106  ait_cmd.o(.text)
    AT_CmdFunc_GETWORKMODE                   0x08009d27   Thumb Code    46  ait_cmd.o(.text)
    AT_CmdFunc_AT                            0x08009d55   Thumb Code     4  ait_cmd.o(.text)
    at_cmd_parse                             0x08009d59   Thumb Code   460  ait_cmd.o(.text)
    at_cmd_recv                              0x08009f25   Thumb Code    74  ait_cmd.o(.text)
    osal_CreateQueue                         0x08009f81   Thumb Code    12  osal.o(.text)
    osal_TraverseQueue                       0x08009f8d   Thumb Code   108  osal.o(.text)
    osal_FullQueue                           0x08009ff9   Thumb Code    32  osal.o(.text)
    osal_EmptyQueue                          0x0800a019   Thumb Code    16  osal.o(.text)
    osal_Enqueue                             0x0800a029   Thumb Code   104  osal.o(.text)
    osal_Dequeue                             0x0800a091   Thumb Code    94  osal.o(.text)
    osal_itoa                                0x0800a0ef   Thumb Code    72  osal.o(.text)
    osal_Str2Byte                            0x0800a137   Thumb Code    82  osal.o(.text)
    osal_Hex2Str                             0x0800a189   Thumb Code    40  osal.o(.text)
    display_to_lcd_tpdoa                     0x0800a211   Thumb Code   118  ds_twr_sts_sdc_initiator.o(.text)
    discovery_process_t                      0x0800a287   Thumb Code   232  ds_twr_sts_sdc_initiator.o(.text)
    ranging_process_t                        0x0800a36f   Thumb Code   410  ds_twr_sts_sdc_initiator.o(.text)
    ds_twr_sts_sdc_initiator                 0x0800a509   Thumb Code   210  ds_twr_sts_sdc_initiator.o(.text)
    display_to_lcd_npdoa                     0x0800a6a1   Thumb Code   118  ds_twr_sts_sdc_responder.o(.text)
    pdoa2XY                                  0x0800a717   Thumb Code   252  ds_twr_sts_sdc_responder.o(.text)
    r95Sort                                  0x0800a813   Thumb Code   152  ds_twr_sts_sdc_responder.o(.text)
    motionFilter                             0x0800a8ab   Thumb Code   242  ds_twr_sts_sdc_responder.o(.text)
    discovery_process                        0x0800a99d   Thumb Code   156  ds_twr_sts_sdc_responder.o(.text)
    ranging_process                          0x0800aa39   Thumb Code   864  ds_twr_sts_sdc_responder.o(.text)
    ds_twr_sts_sdc_responder                 0x0800ad99   Thumb Code   296  ds_twr_sts_sdc_responder.o(.text)
    get_knownTagList                         0x0800af31   Thumb Code     8  tag_list.o(.text)
    get_knownTagList_size                    0x0800af39   Thumb Code    18  tag_list.o(.text)
    init_knownTagList                        0x0800af4b   Thumb Code    12  tag_list.o(.text)
    get_tag64_from_knownTagList              0x0800af57   Thumb Code    62  tag_list.o(.text)
    get_tag16_from_knownTagList              0x0800af95   Thumb Code    54  tag_list.o(.text)
    get_free_slot_from_knownTagList          0x0800afcb   Thumb Code    42  tag_list.o(.text)
    add_tag_to_knownTagList                  0x0800aff5   Thumb Code   120  tag_list.o(.text)
    del_tag16_from_knownTagList              0x0800b06d   Thumb Code    22  tag_list.o(.text)
    del_tag64_from_knownTagList              0x0800b083   Thumb Code    22  tag_list.o(.text)
    getDList_size                            0x0800b099   Thumb Code    16  tag_list.o(.text)
    getDList                                 0x0800b0a9   Thumb Code     4  tag_list.o(.text)
    addTagToDList                            0x0800b0ad   Thumb Code    40  tag_list.o(.text)
    initDList                                0x0800b0d5   Thumb Code    10  tag_list.o(.text)
    kalmanFilter_A                           0x0800b0e9   Thumb Code    90  node.o(.text)
    node_output_pc                           0x0800b143   Thumb Code   156  node.o(.text)
    node_output_wifi                         0x0800b1df   Thumb Code   156  node.o(.text)
    getTwrInfoPtr                            0x0800b27b   Thumb Code     4  node.o(.text)
    prepare_twr_fianl_msg                    0x0800b3ad   Thumb Code     2  node.o(.text)
    twr_tx_node_cb                           0x0800b6d3   Thumb Code    48  node.o(.text)
    twr_rx_node_cb                           0x0800b703   Thumb Code    96  node.o(.text)
    twr_rx_timeout_cb                        0x0800b763   Thumb Code    18  node.o(.text)
    twr_rx_error_cb                          0x0800b775   Thumb Code    18  node.o(.text)
    testapprun                               0x0800b787   Thumb Code   294  node.o(.text)
    instance_run                             0x0800b8ad   Thumb Code    20  node.o(.text)
    node_pdoa_task                           0x0800b8c1   Thumb Code    10  node.o(.text)
    node_process_init                        0x0800b8cb   Thumb Code   244  node.o(.text)
    App_Module_UWB_Mode_Display              0x0800b9bf   Thumb Code   222  node.o(.text)
    node_helper                              0x0800ba9d   Thumb Code    14  node.o(.text)
    node_start                               0x0800baab   Thumb Code    16  node.o(.text)
    portGetTickCnt                           0x0800bac1   Thumb Code     6  uwb.o(.text)
    sleep_ms                                 0x0800bac7   Thumb Code    16  uwb.o(.text)
    Sleep                                    0x0800bad7   Thumb Code     2  uwb.o(.text)
    deca_usleep                              0x0800bad9   Thumb Code    20  uwb.o(.text)
    reset_DWIC                               0x0800baed   Thumb Code    68  uwb.o(.text)
    SPI_ConfigFastRate                       0x0800bb31   Thumb Code    80  uwb.o(.text)
    port_set_dw_ic_spi_slowrate              0x0800bb81   Thumb Code     4  uwb.o(.text)
    port_set_dw_ic_spi_fastrate              0x0800bb85   Thumb Code     4  uwb.o(.text)
    wakeup_device_with_io                    0x0800bb89   Thumb Code    34  uwb.o(.text)
    deca_sleep                               0x0800bbab   Thumb Code     2  uwb.o(.text)
    EXTI_GetITEnStatus                       0x0800bbad   Thumb Code    16  uwb.o(.text)
    setup_DW1000RSTnIRQ                      0x0800bbbd   Thumb Code   134  uwb.o(.text)
    writetospi_serial                        0x0800bc43   Thumb Code    92  uwb.o(.text)
    readfromspi_serial                       0x0800bc9f   Thumb Code    96  uwb.o(.text)
    process_deca_irq                         0x0800bcff   Thumb Code    24  uwb.o(.text)
    disable_deca_irq                         0x0800bd17   Thumb Code    22  uwb.o(.text)
    enable_deca_irq                          0x0800bd2d   Thumb Code    14  uwb.o(.text)
    get_pbssConfig                           0x0800bd51   Thumb Code     6  config.o(.text)
    load_bssConfig                           0x0800bd57   Thumb Code    54  config.o(.text)
    getTwrInfoPtr_tag                        0x0800bdad   Thumb Code     4  tag.o(.text)
    twr_tx_tag_cb                            0x0800be7b   Thumb Code    66  tag.o(.text)
    twr_rx_tag_cb                            0x0800bebd   Thumb Code   104  tag.o(.text)
    twr_rx_tag_timeout_cb                    0x0800bf25   Thumb Code    16  tag.o(.text)
    twr_rx_tag_error_cb                      0x0800bf35   Thumb Code     2  tag.o(.text)
    tag_output_pc                            0x0800bf37   Thumb Code   172  tag.o(.text)
    tag_output_wifi                          0x0800bfe3   Thumb Code   162  tag.o(.text)
    tagtestapprun                            0x0800c085   Thumb Code   580  tag.o(.text)
    tag_instance_run                         0x0800c2c9   Thumb Code   104  tag.o(.text)
    tag_pdoa_task                            0x0800c331   Thumb Code    10  tag.o(.text)
    tag_process_init                         0x0800c33b   Thumb Code   240  tag.o(.text)
    App_Tag_Module_UWB_Mode_Display          0x0800c42b   Thumb Code    76  tag.o(.text)
    tag_helper                               0x0800c477   Thumb Code    14  tag.o(.text)
    tag_start                                0x0800c485   Thumb Code    16  tag.o(.text)
    signal_to_pc_new_tag_discovered          0x0800c675   Thumb Code   102  json_2pc.o(.text)
    send_to_pc_custom_twr_carfollow          0x0800c6db   Thumb Code   138  json_2pc.o(.text)
    send_to_pc_twr                           0x0800c765   Thumb Code   294  json_2pc.o(.text)
    check_for_status_errors                  0x0800c935   Thumb Code   210  shared_functions.o(.text)
    get_rx_delay_time_txpreamble             0x0800ca07   Thumb Code    62  shared_functions.o(.text)
    get_rx_delay_time_data_rate              0x0800ca45   Thumb Code    14  shared_functions.o(.text)
    set_delayed_rx_time                      0x0800ca53   Thumb Code    90  shared_functions.o(.text)
    set_resp_rx_timeout                      0x0800caad   Thumb Code    56  shared_functions.o(.text)
    resync_sts                               0x0800cae5   Thumb Code    36  shared_functions.o(.text)
    resp_msg_get_ts                          0x0800cb09   Thumb Code    26  shared_functions.o(.text)
    get_tx_timestamp_u64                     0x0800cb23   Thumb Code    42  shared_functions.o(.text)
    get_rx_timestamp_u64                     0x0800cb4d   Thumb Code    42  shared_functions.o(.text)
    final_msg_get_ts                         0x0800cb77   Thumb Code    28  shared_functions.o(.text)
    final_msg_set_ts                         0x0800cb93   Thumb Code    24  shared_functions.o(.text)
    resp_msg_set_ts                          0x0800cbab   Thumb Code    36  shared_functions.o(.text)
    calculate_msg_time                       0x0800cbd9   Thumb Code   416  msg_time.o(.text)
    util_us_to_dev_time                      0x0800cda9   Thumb Code    26  util.o(.text)
    util_dev_time_to_sec                     0x0800cdc3   Thumb Code    18  util.o(.text)
    util_sec_to_dev_time                     0x0800cdd5   Thumb Code    20  util.o(.text)
    util_us_to_sy                            0x0800cde9   Thumb Code     8  util.o(.text)
    calc_sfd_to                              0x0800cdf1   Thumb Code   106  util.o(.text)
    __aeabi_llsr                             0x0800ce71   Thumb Code    32  llushr.o(.text)
    _ll_ushift_r                             0x0800ce71   Thumb Code     0  llushr.o(.text)
    toupper                                  0x0800ce91   Thumb Code    12  toupper.o(.text)
    __aeabi_memcpy                           0x0800ce9d   Thumb Code    36  memcpya.o(.text)
    __aeabi_memcpy4                          0x0800ce9d   Thumb Code     0  memcpya.o(.text)
    __aeabi_memcpy8                          0x0800ce9d   Thumb Code     0  memcpya.o(.text)
    __aeabi_memset                           0x0800cec1   Thumb Code    14  memseta.o(.text)
    __aeabi_memset4                          0x0800cec1   Thumb Code     0  memseta.o(.text)
    __aeabi_memset8                          0x0800cec1   Thumb Code     0  memseta.o(.text)
    __aeabi_memclr                           0x0800cecf   Thumb Code     4  memseta.o(.text)
    __aeabi_memclr4                          0x0800cecf   Thumb Code     0  memseta.o(.text)
    __aeabi_memclr8                          0x0800cecf   Thumb Code     0  memseta.o(.text)
    _memset$wrapper                          0x0800ced3   Thumb Code    18  memseta.o(.text)
    strstr                                   0x0800cee5   Thumb Code    36  strstr.o(.text)
    strlen                                   0x0800cf09   Thumb Code    14  strlen.o(.text)
    memcmp                                   0x0800cf17   Thumb Code    26  memcmp.o(.text)
    strtoul                                  0x0800cf31   Thumb Code   114  strtoul.o(.text)
    strtoull                                 0x0800cfa3   Thumb Code     4  strtoull.o(.text)
    atoi                                     0x0800cfa7   Thumb Code    26  atoi.o(.text)
    __aeabi_fadd                             0x0800cfc1   Thumb Code   164  fadd.o(.text)
    __aeabi_fsub                             0x0800d065   Thumb Code     6  fadd.o(.text)
    __aeabi_frsub                            0x0800d06b   Thumb Code     6  fadd.o(.text)
    __aeabi_fmul                             0x0800d071   Thumb Code   100  fmul.o(.text)
    __aeabi_fdiv                             0x0800d0d5   Thumb Code   124  fdiv.o(.text)
    __ARM_scalbnf                            0x0800d151   Thumb Code    24  fscalb.o(.text)
    scalbnf                                  0x0800d151   Thumb Code     0  fscalb.o(.text)
    __aeabi_dadd                             0x0800d169   Thumb Code   322  dadd.o(.text)
    __aeabi_dsub                             0x0800d2ab   Thumb Code     6  dadd.o(.text)
    __aeabi_drsub                            0x0800d2b1   Thumb Code     6  dadd.o(.text)
    __aeabi_dmul                             0x0800d2b7   Thumb Code   228  dmul.o(.text)
    __aeabi_ddiv                             0x0800d39b   Thumb Code   222  ddiv.o(.text)
    __ARM_scalbn                             0x0800d479   Thumb Code    46  dscalb.o(.text)
    scalbn                                   0x0800d479   Thumb Code     0  dscalb.o(.text)
    __aeabi_i2f                              0x0800d4a7   Thumb Code    18  fflti.o(.text)
    __aeabi_ui2f                             0x0800d4b9   Thumb Code    10  ffltui.o(.text)
    __aeabi_l2f                              0x0800d4c3   Thumb Code    44  ffltl.o(.text)
    __aeabi_i2d                              0x0800d4ef   Thumb Code    34  dflti.o(.text)
    __aeabi_ui2d                             0x0800d511   Thumb Code    26  dfltui.o(.text)
    __aeabi_l2d                              0x0800d52b   Thumb Code    40  dfltl.o(.text)
    __aeabi_ul2d                             0x0800d553   Thumb Code    24  dfltul.o(.text)
    __aeabi_f2iz                             0x0800d56b   Thumb Code    50  ffixi.o(.text)
    __aeabi_f2uiz                            0x0800d59d   Thumb Code    40  ffixui.o(.text)
    __aeabi_d2iz                             0x0800d5c5   Thumb Code    62  dfixi.o(.text)
    __aeabi_d2uiz                            0x0800d603   Thumb Code    50  dfixui.o(.text)
    __aeabi_d2lz                             0x0800d635   Thumb Code    74  dfixl.o(.text)
    __aeabi_d2ulz                            0x0800d67f   Thumb Code    48  dfixul.o(.text)
    __aeabi_f2d                              0x0800d6af   Thumb Code    38  f2d.o(.text)
    __aeabi_cdcmpeq                          0x0800d6d5   Thumb Code     0  cdcmple.o(.text)
    __aeabi_cdcmple                          0x0800d6d5   Thumb Code    48  cdcmple.o(.text)
    __aeabi_cdrcmple                         0x0800d705   Thumb Code    48  cdrcmple.o(.text)
    __aeabi_d2f                              0x0800d735   Thumb Code    56  d2f.o(.text)
    __aeabi_cfrcmple                         0x0800d76d   Thumb Code    20  cfrcmple.o(.text)
    __aeabi_uidiv                            0x0800d781   Thumb Code     0  uidiv.o(.text)
    __aeabi_uidivmod                         0x0800d781   Thumb Code    44  uidiv.o(.text)
    __aeabi_uldivmod                         0x0800d7ad   Thumb Code    98  uldiv.o(.text)
    __aeabi_llsl                             0x0800d80f   Thumb Code    30  llshl.o(.text)
    _ll_shift_l                              0x0800d80f   Thumb Code     0  llshl.o(.text)
    __aeabi_lasr                             0x0800d82d   Thumb Code    36  llsshr.o(.text)
    _ll_sshift_r                             0x0800d82d   Thumb Code     0  llsshr.o(.text)
    __rt_ctype_table                         0x0800d851   Thumb Code     4  ctype_o.o(.text)
    isspace                                  0x0800d859   Thumb Code    18  isspace_o.o(.text)
    _strtoul                                 0x0800d86b   Thumb Code   158  _strtoul.o(.text)
    __strtod_int                             0x0800d93f   Thumb Code    90  strtod.o(.text)
    strtol                                   0x0800d9a5   Thumb Code   112  strtol.o(.text)
    __strtoull                               0x0800da15   Thumb Code   124  __strtoull.o(.text)
    __I$use$fp                               0x0800da91   Thumb Code     0  iusefp.o(.text)
    _float_round                             0x0800da91   Thumb Code    18  fepilogue.o(.text)
    _float_epilogue                          0x0800daa3   Thumb Code    92  fepilogue.o(.text)
    _double_round                            0x0800daff   Thumb Code    30  depilogue.o(.text)
    _double_epilogue                         0x0800db1d   Thumb Code   156  depilogue.o(.text)
    _dsqrt                                   0x0800dbb9   Thumb Code   162  dsqrt.o(.text)
    _drem                                    0x0800dc5b   Thumb Code   134  drem.o(.text)
    __scatterload                            0x0800dce1   Thumb Code    28  init.o(.text)
    __scatterload_rt2                        0x0800dce1   Thumb Code     0  init.o(.text)
    _chval                                   0x0800dd05   Thumb Code    28  _chval.o(.text)
    _scanf_real                              0x0800de49   Thumb Code     0  scanf_fp.o(.text)
    _scanf_really_real                       0x0800de49   Thumb Code   556  scanf_fp.o(.text)
    _sgetc                                   0x0800e081   Thumb Code    30  _sgetc.o(.text)
    _sbackspace                              0x0800e09f   Thumb Code    34  _sgetc.o(.text)
    _strtoull                                0x0800e0c1   Thumb Code   194  _strtoull.o(.text)
    __decompress                             0x0800e183   Thumb Code     0  __dczerorl2.o(.text)
    __decompress1                            0x0800e183   Thumb Code    86  __dczerorl2.o(.text)
    __0snprintf                              0x0800e1d9   Thumb Code    44  printfa.o(i.__0snprintf)
    __1snprintf                              0x0800e1d9   Thumb Code     0  printfa.o(i.__0snprintf)
    __2snprintf                              0x0800e1d9   Thumb Code     0  printfa.o(i.__0snprintf)
    __c89snprintf                            0x0800e1d9   Thumb Code     0  printfa.o(i.__0snprintf)
    snprintf                                 0x0800e1d9   Thumb Code     0  printfa.o(i.__0snprintf)
    __0sprintf                               0x0800e209   Thumb Code    34  printfa.o(i.__0sprintf)
    __1sprintf                               0x0800e209   Thumb Code     0  printfa.o(i.__0sprintf)
    __2sprintf                               0x0800e209   Thumb Code     0  printfa.o(i.__0sprintf)
    __c89sprintf                             0x0800e209   Thumb Code     0  printfa.o(i.__0sprintf)
    sprintf                                  0x0800e209   Thumb Code     0  printfa.o(i.__0sprintf)
    __0vsnprintf                             0x0800e231   Thumb Code    40  printfa.o(i.__0vsnprintf)
    __1vsnprintf                             0x0800e231   Thumb Code     0  printfa.o(i.__0vsnprintf)
    __2vsnprintf                             0x0800e231   Thumb Code     0  printfa.o(i.__0vsnprintf)
    __c89vsnprintf                           0x0800e231   Thumb Code     0  printfa.o(i.__0vsnprintf)
    vsnprintf                                0x0800e231   Thumb Code     0  printfa.o(i.__0vsnprintf)
    __ARM_fpclassify                         0x0800e25d   Thumb Code    40  fpclassify.o(i.__ARM_fpclassify)
    __aeabi_errno_addr                       0x0800e285   Thumb Code     4  errno.o(i.__aeabi_errno_addr)
    __rt_errno_addr                          0x0800e285   Thumb Code     0  errno.o(i.__aeabi_errno_addr)
    __kernel_poly                            0x0800e28d   Thumb Code   170  poly.o(i.__kernel_poly)
    __mathlib_dbl_divzero                    0x0800e339   Thumb Code    12  dunder.o(i.__mathlib_dbl_divzero)
    __mathlib_dbl_infnan                     0x0800e349   Thumb Code     6  dunder.o(i.__mathlib_dbl_infnan)
    __mathlib_dbl_infnan2                    0x0800e34f   Thumb Code     4  dunder.o(i.__mathlib_dbl_infnan2)
    __mathlib_dbl_invalid                    0x0800e353   Thumb Code    12  dunder.o(i.__mathlib_dbl_invalid)
    __mathlib_dbl_overflow                   0x0800e35f   Thumb Code    14  dunder.o(i.__mathlib_dbl_overflow)
    __mathlib_dbl_underflow                  0x0800e36d   Thumb Code    10  dunder.o(i.__mathlib_dbl_underflow)
    __mathlib_flt_divzero                    0x0800e37d   Thumb Code    10  funder.o(i.__mathlib_flt_divzero)
    __mathlib_flt_infnan                     0x0800e387   Thumb Code     6  funder.o(i.__mathlib_flt_infnan)
    __mathlib_flt_invalid                    0x0800e38d   Thumb Code     8  funder.o(i.__mathlib_flt_invalid)
    __read_errno                             0x0800e395   Thumb Code     6  errno.o(i.__read_errno)
    __scatterload_copy                       0x0800e3a1   Thumb Code    14  handlers.o(i.__scatterload_copy)
    __scatterload_null                       0x0800e3af   Thumb Code     2  handlers.o(i.__scatterload_null)
    __scatterload_zeroinit                   0x0800e3b1   Thumb Code    14  handlers.o(i.__scatterload_zeroinit)
    __set_errno                              0x0800e3c1   Thumb Code     6  errno.o(i.__set_errno)
    _is_digit                                0x0800e551   Thumb Code    14  scanf_fp.o(i._is_digit)
    asin                                     0x0800ecb1   Thumb Code   572  asin.o(i.asin)
    atan                                     0x0800ef21   Thumb Code   474  atan.o(i.atan)
    atof                                     0x0800f141   Thumb Code    42  atof.o(i.atof)
    __mathlib_ceilf                          0x0800f16d   Thumb Code     0  ceilf.o(i.ceilf)
    ceilf                                    0x0800f16d   Thumb Code   110  ceilf.o(i.ceilf)
    fmod                                     0x0800f1e5   Thumb Code   144  fmod.o(i.fmod)
    log10f                                   0x0800f279   Thumb Code   384  log10f.o(i.log10f)
    pow                                      0x0800f42d   Thumb Code  2512  pow.o(i.pow)
    sqrt                                     0x0800fe05   Thumb Code    76  sqrt.o(i.sqrt)
    known_commands                           0x0800fe50   Data         240  cmd_fn.o(.constdata)
    sts_length_factors                       0x0800ff40   Data          14  deca_device.o(.constdata)
    F6x8                                     0x0800ff4e   Data         552  oled_i2c.o(.constdata)
    F8X16                                    0x08010176   Data        1520  oled_i2c.o(.constdata)
    Virtual_Com_Port_DeviceDescriptor        0x08010766   Data          18  usb_desc.o(.constdata)
    Virtual_Com_Port_ConfigDescriptor        0x08010778   Data          67  usb_desc.o(.constdata)
    Virtual_Com_Port_StringLangID            0x080107bb   Data           4  usb_desc.o(.constdata)
    Virtual_Com_Port_StringVendor            0x080107bf   Data          24  usb_desc.o(.constdata)
    Virtual_Com_Port_StringProduct           0x080107d7   Data          38  usb_desc.o(.constdata)
    __mathlib_zero                           0x080109c8   Data           8  qnan.o(.constdata)
    __ctype_table                            0x080109d0   Data         129  ctype_o.o(.constdata)
    Region$$Table$$Base                      0x08010e14   Number         0  anon$$obj.o(Region$$Table)
    Region$$Table$$Limit                     0x08010e34   Number         0  anon$$obj.o(Region$$Table)
    distance                                 0x20000000   Data           4  cmd_fn.o(.data)
    led_test                                 0x20000004   Data           1  generic.o(.data)
    defaultFConfig                           0x2000000c   Data         130  generic.o(.data)
    sys_uart_dma_buf                         0x20000090   Data        2808  generic.o(.data)
    sys_para                                 0x20000b88   Data         164  generic.o(.data)
    sys_para_bak                             0x20000c2c   Data         164  generic.o(.data)
    aiio_output                              0x20000cd4   Data           1  user_out.o(.data)
    i                                        0x20000cd6   Data           1  hal_led.o(.data)
    hal_led                                  0x20000cd8   Data          16  hal_led.o(.data)
    USART1_DMA_RX_BYTE                       0x20000cec   Data           1  hal_usart.o(.data)
    F16x16                                   0x20000cf5   Data         256  oled_i2c.o(.data)
    EXTI_InitStructure                       0x20000df8   Data           8  hw_config.o(.data)
    Virtual_Com_Port_StringSerial            0x20000e00   Data          38  usb_desc.o(.data)
    bIntPackSOF                              0x20000e30   Data           1  usb_istr.o(.data)
    wIstr                                    0x20000e32   Data           2  usb_istr.o(.data)
    esof_counter                             0x20000e34   Data           4  usb_istr.o(.data)
    wCNTR                                    0x20000e38   Data           4  usb_istr.o(.data)
    pEpInt_IN                                0x20000e3c   Data          28  usb_istr.o(.data)
    pEpInt_OUT                               0x20000e58   Data          28  usb_istr.o(.data)
    Request                                  0x20000e74   Data           1  usb_prop.o(.data)
    linecoding                               0x20000e78   Data           8  usb_prop.o(.data)
    Device_Descriptor                        0x20000e80   Data           8  usb_prop.o(.data)
    Config_Descriptor                        0x20000e88   Data           8  usb_prop.o(.data)
    Device_Property                          0x20000e90   Data          48  usb_prop.o(.data)
    String_Descriptor                        0x20000ec0   Data          32  usb_prop.o(.data)
    Device_Table                             0x20000ee0   Data           2  usb_prop.o(.data)
    User_Standard_Requests                   0x20000ee4   Data          36  usb_prop.o(.data)
    bDeviceState                             0x20000f08   Data           4  usb_pwr.o(.data)
    fSuspendEnabled                          0x20000f0c   Data           1  usb_pwr.o(.data)
    ResumeS                                  0x20000f10   Data           2  usb_pwr.o(.data)
    remotewakeupon                           0x20000f14   Data           4  usb_pwr.o(.data)
    Data_Mul_MaxPacketSize                   0x20000f18   Data           1  usb_core.o(.data)
    StatusInfo                               0x20000f1a   Data           2  usb_core.o(.data)
    EPindex                                  0x20000f1c   Data           1  usb_init.o(.data)
    pInformation                             0x20000f20   Data           4  usb_init.o(.data)
    pProperty                                0x20000f24   Data           4  usb_init.o(.data)
    pUser_Standard_Requests                  0x20000f28   Data           4  usb_init.o(.data)
    wInterrupt_Mask                          0x20000f2c   Data           2  usb_init.o(.data)
    SaveRState                               0x20000f2e   Data           2  usb_int.o(.data)
    SaveTState                               0x20000f30   Data           2  usb_int.o(.data)
    IIc_flag                                 0x20000f34   Data           4  lis2dh12.o(.data)
    SystemCoreClock                          0x20000f50   Data           4  system_stm32f10x.o(.data)
    AHBPrescTable                            0x20000f54   Data          16  system_stm32f10x.o(.data)
    Pin3                                     0x20000f64   Data          16  ait_cmd.o(.data)
    Pin4                                     0x20000f74   Data          16  ait_cmd.o(.data)
    Pin5                                     0x20000f84   Data          16  ait_cmd.o(.data)
    Pin6                                     0x20000f94   Data          16  ait_cmd.o(.data)
    Pin7                                     0x20000fa4   Data          16  ait_cmd.o(.data)
    Pin8                                     0x20000fb4   Data          16  ait_cmd.o(.data)
    Pin9                                     0x20000fc4   Data          16  ait_cmd.o(.data)
    Pin11                                    0x20000fd4   Data          16  ait_cmd.o(.data)
    Pin12                                    0x20000fe4   Data          16  ait_cmd.o(.data)
    Pin13                                    0x20000ff4   Data          16  ait_cmd.o(.data)
    Pin14                                    0x20001004   Data          16  ait_cmd.o(.data)
    Pin15                                    0x20001014   Data          16  ait_cmd.o(.data)
    Pin16                                    0x20001024   Data          16  ait_cmd.o(.data)
    Pin17                                    0x20001034   Data          16  ait_cmd.o(.data)
    Pin18                                    0x20001044   Data          16  ait_cmd.o(.data)
    Pin19                                    0x20001054   Data          16  ait_cmd.o(.data)
    Pin20                                    0x20001064   Data          16  ait_cmd.o(.data)
    Pin21                                    0x20001074   Data          16  ait_cmd.o(.data)
    Pin22                                    0x20001084   Data          16  ait_cmd.o(.data)
    Pin25                                    0x20001094   Data          16  ait_cmd.o(.data)
    Pin26                                    0x200010a4   Data          16  ait_cmd.o(.data)
    Pin27                                    0x200010b4   Data          16  ait_cmd.o(.data)
    Pin28                                    0x200010c4   Data          16  ait_cmd.o(.data)
    Pin29                                    0x200010d4   Data          16  ait_cmd.o(.data)
    Pin30                                    0x200010e4   Data          16  ait_cmd.o(.data)
    Pin31                                    0x200010f4   Data          16  ait_cmd.o(.data)
    Pin32                                    0x20001104   Data          16  ait_cmd.o(.data)
    Pin33                                    0x20001114   Data          16  ait_cmd.o(.data)
    Pin35                                    0x20001124   Data          16  ait_cmd.o(.data)
    Pin36                                    0x20001134   Data          16  ait_cmd.o(.data)
    Pin37                                    0x20001144   Data          16  ait_cmd.o(.data)
    Pin38                                    0x20001154   Data          16  ait_cmd.o(.data)
    Pin39                                    0x20001164   Data          16  ait_cmd.o(.data)
    GobalGpioInfo                            0x2000117c   Data         156  ait_cmd.o(.data)
    at_table                                 0x20001228   Data          72  ait_cmd.o(.data)
    time32_incr                              0x200013b4   Data           4  uwb.o(.data)
    app                                      0x200013b8   Data           4  config.o(.data)
    txconfig_options                         0x200013bc   Data          12  config_options.o(.data)
    config_options                           0x200013c8   Data          14  config_options.o(.data)
    user_tag_dist_cm                         0x200015b4   Data          16  user_out.o(.bss)
    _dbg_TXBuff                              0x200015c4   Data         256  hal_usart.o(.bss)
    EP                                       0x20001ab4   Data          32  usb_pwr.o(.bss)
    Device_Info                              0x20001ad4   Data          28  usb_init.o(.bss)
    __initial_sp                             0x20003d70   Data           0  startup_stm32f10x_md.o(STACK)



==============================================================================

Memory Map of the image

  Image Entry point : 0x080000ed

  Load Region LR_IROM1 (Base: 0x08000000, Size: 0x00012210, Max: 0x00020000, ABSOLUTE, COMPRESSED[0x00011214])

    Execution Region ER_IROM1 (Exec base: 0x08000000, Load base: 0x08000000, Size: 0x00010e34, Max: 0x00020000, ABSOLUTE)

    Exec Addr    Load Addr    Size         Type   Attr      Idx    E Section Name        Object

    0x08000000   0x08000000   0x000000ec   Data   RO         2120    RESET               startup_stm32f10x_md.o
    0x080000ec   0x080000ec   0x00000000   Code   RO         2741  * .ARM.Collect$$$$00000000  mc_w.l(entry.o)
    0x080000ec   0x080000ec   0x00000004   Code   RO         3114    .ARM.Collect$$$$00000001  mc_w.l(entry2.o)
    0x080000f0   0x080000f0   0x00000004   Code   RO         3117    .ARM.Collect$$$$00000004  mc_w.l(entry5.o)
    0x080000f4   0x080000f4   0x00000000   Code   RO         3119    .ARM.Collect$$$$00000008  mc_w.l(entry7b.o)
    0x080000f4   0x080000f4   0x00000000   Code   RO         3121    .ARM.Collect$$$$0000000A  mc_w.l(entry8b.o)
    0x080000f4   0x080000f4   0x00000008   Code   RO         3122    .ARM.Collect$$$$0000000B  mc_w.l(entry9a.o)
    0x080000fc   0x080000fc   0x00000000   Code   RO         3124    .ARM.Collect$$$$0000000D  mc_w.l(entry10a.o)
    0x080000fc   0x080000fc   0x00000000   Code   RO         3126    .ARM.Collect$$$$0000000F  mc_w.l(entry11a.o)
    0x080000fc   0x080000fc   0x00000004   Code   RO         3115    .ARM.Collect$$$$00002712  mc_w.l(entry2.o)
    0x08000100   0x08000100   0x0000013c   Code   RO            1    .text               cmd.o
    0x0800023c   0x0800023c   0x00000c30   Code   RO           63    .text               cmd_fn.o
    0x08000e6c   0x08000e6c   0x00000214   Code   RO          238    .text               generic.o
    0x08001080   0x08001080   0x00000300   Code   RO          299    .text               generic_cmd.o
    0x08001380   0x08001380   0x00000158   Code   RO          341    .text               user_out.o
    0x080014d8   0x080014d8   0x00000068   Code   RO          376    .text               hal_drivers.o
    0x08001540   0x08001540   0x0000007a   Code   RO          416    .text               hal_flash.o
    0x080015ba   0x080015ba   0x00000002   PAD
    0x080015bc   0x080015bc   0x000002d0   Code   RO          440    .text               hal_iic.o
    0x0800188c   0x0800188c   0x0000017c   Code   RO          464    .text               hal_led.o
    0x08001a08   0x08001a08   0x00000130   Code   RO          501    .text               hal_spi.o
    0x08001b38   0x08001b38   0x00000114   Code   RO          526    .text               hal_timer.o
    0x08001c4c   0x08001c4c   0x0000032c   Code   RO          557    .text               hal_usart.o
    0x08001f78   0x08001f78   0x0000001e   Code   RO          597    .text               hal_usb.o
    0x08001f96   0x08001f96   0x00000002   PAD
    0x08001f98   0x08001f98   0x00002530   Code   RO          648    .text               deca_device.o
    0x080044c8   0x080044c8   0x00000034   Code   RO          713    .text               deca_mutex.o
    0x080044fc   0x080044fc   0x0000049c   Code   RO          754    .text               oled_i2c.o
    0x08004998   0x08004998   0x00000198   Code   RO          787    .text               hw_config.o
    0x08004b30   0x08004b30   0x000003d6   Code   RO          844    .text               queue.o
    0x08004f06   0x08004f06   0x00000002   PAD
    0x08004f08   0x08004f08   0x000000b4   Code   RO          888    .text               usb_endp.o
    0x08004fbc   0x08004fbc   0x00000150   Code   RO          918    .text               usb_istr.o
    0x0800510c   0x0800510c   0x0000000c   Code   RO          950    .text               usb_it.o
    0x08005118   0x08005118   0x000001f4   Code   RO          980    .text               usb_prop.o
    0x0800530c   0x0800530c   0x000001b0   Code   RO         1017    .text               usb_pwr.o
    0x080054bc   0x080054bc   0x000007c8   Code   RO         1051    .text               usb_core.o
    0x08005c84   0x08005c84   0x00000028   Code   RO         1106    .text               usb_init.o
    0x08005cac   0x08005cac   0x000001c4   Code   RO         1144    .text               usb_int.o
    0x08005e70   0x08005e70   0x00000048   Code   RO         1180    .text               usb_mem.o
    0x08005eb8   0x08005eb8   0x000006b0   Code   RO         1204    .text               usb_regs.o
    0x08006568   0x08006568   0x0000006c   Code   RO         1229    .text               usb_sil.o
    0x080065d4   0x080065d4   0x00000400   Code   RO         1253    .text               lis2dh12.o
    0x080069d4   0x080069d4   0x00000130   Code   RO         1281    .text               main_1.o
    0x08006b04   0x08006b04   0x00000128   Code   RO         1313    .text               stm32f10x_it_1.o
    0x08006c2c   0x08006c2c   0x0000005c   Code   RO         1342    .text               read_dev_id.o
    0x08006c88   0x08006c88   0x00000004   Code   RO         1513    .text               example_info.o
    0x08006c8c   0x08006c8c   0x000000b0   Code   RO         1564    .text               misc.o
    0x08006d3c   0x08006d3c   0x000001c8   Code   RO         1756    .text               stm32f10x_dma.o
    0x08006f04   0x08006f04   0x000000e8   Code   RO         1780    .text               stm32f10x_exti.o
    0x08006fec   0x08006fec   0x0000047c   Code   RO         1804    .text               stm32f10x_flash.o
    0x08007468   0x08007468   0x0000026c   Code   RO         1853    .text               stm32f10x_gpio.o
    0x080076d4   0x080076d4   0x00000328   Code   RO         1877    .text               stm32f10x_i2c.o
    0x080079fc   0x080079fc   0x0000003c   Code   RO         1901    .text               stm32f10x_iwdg.o
    0x08007a38   0x08007a38   0x000002b4   Code   RO         1949    .text               stm32f10x_rcc.o
    0x08007cec   0x08007cec   0x00000274   Code   RO         2024    .text               stm32f10x_spi.o
    0x08007f60   0x08007f60   0x00000af4   Code   RO         2048    .text               stm32f10x_tim.o
    0x08008a54   0x08008a54   0x00000328   Code   RO         2073    .text               stm32f10x_usart.o
    0x08008d7c   0x08008d7c   0x00000024   Code   RO         2121    .text               startup_stm32f10x_md.o
    0x08008da0   0x08008da0   0x00000154   Code   RO         2128    .text               system_stm32f10x.o
    0x08008ef4   0x08008ef4   0x0000108c   Code   RO         2158    .text               aitcmd.lib(ait_cmd.o)
    0x08009f80   0x08009f80   0x00000290   Code   RO         2262    .text               os.lib(osal.o)
    0x0800a210   0x0800a210   0x00000490   Code   RO         2290    .text               pdoa.lib(ds_twr_sts_sdc_initiator.o)
    0x0800a6a0   0x0800a6a0   0x00000890   Code   RO         2351    .text               pdoa.lib(ds_twr_sts_sdc_responder.o)
    0x0800af30   0x0800af30   0x000001b8   Code   RO         2380    .text               pdoa.lib(tag_list.o)
    0x0800b0e8   0x0800b0e8   0x000009d8   Code   RO         2417    .text               twr.lib(node.o)
    0x0800bac0   0x0800bac0   0x00000290   Code   RO         2482    .text               twr.lib(uwb.o)
    0x0800bd50   0x0800bd50   0x0000005c   Code   RO         2516    .text               twr.lib(config.o)
    0x0800bdac   0x0800bdac   0x000008c6   Code   RO         2564    .text               twr.lib(tag.o)
    0x0800c672   0x0800c672   0x00000002   PAD
    0x0800c674   0x0800c674   0x000002c0   Code   RO         2591    .text               pdoa.lib(json_2pc.o)
    0x0800c934   0x0800c934   0x000002a4   Code   RO         2609    .text               pdoa.lib(shared_functions.o)
    0x0800cbd8   0x0800cbd8   0x000001d0   Code   RO         2650    .text               twr.lib(msg_time.o)
    0x0800cda8   0x0800cda8   0x000000c8   Code   RO         2665    .text               twr.lib(util.o)
    0x0800ce70   0x0800ce70   0x00000020   Code   RO         2744    .text               mc_w.l(llushr.o)
    0x0800ce90   0x0800ce90   0x0000000c   Code   RO         2746    .text               mc_w.l(toupper.o)
    0x0800ce9c   0x0800ce9c   0x00000024   Code   RO         2750    .text               mc_w.l(memcpya.o)
    0x0800cec0   0x0800cec0   0x00000024   Code   RO         2752    .text               mc_w.l(memseta.o)
    0x0800cee4   0x0800cee4   0x00000024   Code   RO         2754    .text               mc_w.l(strstr.o)
    0x0800cf08   0x0800cf08   0x0000000e   Code   RO         2756    .text               mc_w.l(strlen.o)
    0x0800cf16   0x0800cf16   0x0000001a   Code   RO         2758    .text               mc_w.l(memcmp.o)
    0x0800cf30   0x0800cf30   0x00000072   Code   RO         3023    .text               mc_w.l(strtoul.o)
    0x0800cfa2   0x0800cfa2   0x00000004   Code   RO         3025    .text               mc_w.l(strtoull.o)
    0x0800cfa6   0x0800cfa6   0x0000001a   Code   RO         3027    .text               mc_w.l(atoi.o)
    0x0800cfc0   0x0800cfc0   0x000000b0   Code   RO         3029    .text               mf_w.l(fadd.o)
    0x0800d070   0x0800d070   0x00000064   Code   RO         3031    .text               mf_w.l(fmul.o)
    0x0800d0d4   0x0800d0d4   0x0000007c   Code   RO         3033    .text               mf_w.l(fdiv.o)
    0x0800d150   0x0800d150   0x00000018   Code   RO         3035    .text               mf_w.l(fscalb.o)
    0x0800d168   0x0800d168   0x0000014e   Code   RO         3037    .text               mf_w.l(dadd.o)
    0x0800d2b6   0x0800d2b6   0x000000e4   Code   RO         3039    .text               mf_w.l(dmul.o)
    0x0800d39a   0x0800d39a   0x000000de   Code   RO         3041    .text               mf_w.l(ddiv.o)
    0x0800d478   0x0800d478   0x0000002e   Code   RO         3043    .text               mf_w.l(dscalb.o)
    0x0800d4a6   0x0800d4a6   0x00000012   Code   RO         3045    .text               mf_w.l(fflti.o)
    0x0800d4b8   0x0800d4b8   0x0000000a   Code   RO         3047    .text               mf_w.l(ffltui.o)
    0x0800d4c2   0x0800d4c2   0x0000002c   Code   RO         3049    .text               mf_w.l(ffltl.o)
    0x0800d4ee   0x0800d4ee   0x00000022   Code   RO         3051    .text               mf_w.l(dflti.o)
    0x0800d510   0x0800d510   0x0000001a   Code   RO         3053    .text               mf_w.l(dfltui.o)
    0x0800d52a   0x0800d52a   0x00000028   Code   RO         3055    .text               mf_w.l(dfltl.o)
    0x0800d552   0x0800d552   0x00000018   Code   RO         3057    .text               mf_w.l(dfltul.o)
    0x0800d56a   0x0800d56a   0x00000032   Code   RO         3059    .text               mf_w.l(ffixi.o)
    0x0800d59c   0x0800d59c   0x00000028   Code   RO         3061    .text               mf_w.l(ffixui.o)
    0x0800d5c4   0x0800d5c4   0x0000003e   Code   RO         3063    .text               mf_w.l(dfixi.o)
    0x0800d602   0x0800d602   0x00000032   Code   RO         3065    .text               mf_w.l(dfixui.o)
    0x0800d634   0x0800d634   0x0000004a   Code   RO         3067    .text               mf_w.l(dfixl.o)
    0x0800d67e   0x0800d67e   0x00000030   Code   RO         3069    .text               mf_w.l(dfixul.o)
    0x0800d6ae   0x0800d6ae   0x00000026   Code   RO         3071    .text               mf_w.l(f2d.o)
    0x0800d6d4   0x0800d6d4   0x00000030   Code   RO         3073    .text               mf_w.l(cdcmple.o)
    0x0800d704   0x0800d704   0x00000030   Code   RO         3075    .text               mf_w.l(cdrcmple.o)
    0x0800d734   0x0800d734   0x00000038   Code   RO         3077    .text               mf_w.l(d2f.o)
    0x0800d76c   0x0800d76c   0x00000014   Code   RO         3079    .text               mf_w.l(cfrcmple.o)
    0x0800d780   0x0800d780   0x0000002c   Code   RO         3131    .text               mc_w.l(uidiv.o)
    0x0800d7ac   0x0800d7ac   0x00000062   Code   RO         3133    .text               mc_w.l(uldiv.o)
    0x0800d80e   0x0800d80e   0x0000001e   Code   RO         3135    .text               mc_w.l(llshl.o)
    0x0800d82c   0x0800d82c   0x00000024   Code   RO         3137    .text               mc_w.l(llsshr.o)
    0x0800d850   0x0800d850   0x00000008   Code   RO         3139    .text               mc_w.l(ctype_o.o)
    0x0800d858   0x0800d858   0x00000012   Code   RO         3161    .text               mc_w.l(isspace_o.o)
    0x0800d86a   0x0800d86a   0x0000009e   Code   RO         3174    .text               mc_w.l(_strtoul.o)
    0x0800d908   0x0800d908   0x0000009c   Code   RO         3176    .text               mc_w.l(strtod.o)
    0x0800d9a4   0x0800d9a4   0x00000070   Code   RO         3178    .text               mc_w.l(strtol.o)
    0x0800da14   0x0800da14   0x0000007c   Code   RO         3180    .text               mc_w.l(__strtoull.o)
    0x0800da90   0x0800da90   0x00000000   Code   RO         3182    .text               mc_w.l(iusefp.o)
    0x0800da90   0x0800da90   0x0000006e   Code   RO         3183    .text               mf_w.l(fepilogue.o)
    0x0800dafe   0x0800dafe   0x000000ba   Code   RO         3185    .text               mf_w.l(depilogue.o)
    0x0800dbb8   0x0800dbb8   0x000000a2   Code   RO         3187    .text               mf_w.l(dsqrt.o)
    0x0800dc5a   0x0800dc5a   0x00000086   Code   RO         3189    .text               mf_w.l(drem.o)
    0x0800dce0   0x0800dce0   0x00000024   Code   RO         3191    .text               mc_w.l(init.o)
    0x0800dd04   0x0800dd04   0x0000001c   Code   RO         3196    .text               mc_w.l(_chval.o)
    0x0800dd20   0x0800dd20   0x00000360   Code   RO         3198    .text               mc_w.l(scanf_fp.o)
    0x0800e080   0x0800e080   0x00000040   Code   RO         3202    .text               mc_w.l(_sgetc.o)
    0x0800e0c0   0x0800e0c0   0x000000c2   Code   RO         3204    .text               mc_w.l(_strtoull.o)
    0x0800e182   0x0800e182   0x00000056   Code   RO         3218    .text               mc_w.l(__dczerorl2.o)
    0x0800e1d8   0x0800e1d8   0x00000030   Code   RO         2996    i.__0snprintf       mc_w.l(printfa.o)
    0x0800e208   0x0800e208   0x00000028   Code   RO         2997    i.__0sprintf        mc_w.l(printfa.o)
    0x0800e230   0x0800e230   0x0000002c   Code   RO         3000    i.__0vsnprintf      mc_w.l(printfa.o)
    0x0800e25c   0x0800e25c   0x00000028   Code   RO         3095    i.__ARM_fpclassify  m_ws.l(fpclassify.o)
    0x0800e284   0x0800e284   0x00000008   Code   RO         3167    i.__aeabi_errno_addr  mc_w.l(errno.o)
    0x0800e28c   0x0800e28c   0x000000aa   Code   RO         3111    i.__kernel_poly     m_ws.l(poly.o)
    0x0800e336   0x0800e336   0x00000002   PAD
    0x0800e338   0x0800e338   0x00000010   Code   RO         3081    i.__mathlib_dbl_divzero  m_ws.l(dunder.o)
    0x0800e348   0x0800e348   0x00000006   Code   RO         3082    i.__mathlib_dbl_infnan  m_ws.l(dunder.o)
    0x0800e34e   0x0800e34e   0x00000004   Code   RO         3083    i.__mathlib_dbl_infnan2  m_ws.l(dunder.o)
    0x0800e352   0x0800e352   0x0000000c   Code   RO         3084    i.__mathlib_dbl_invalid  m_ws.l(dunder.o)
    0x0800e35e   0x0800e35e   0x0000000e   Code   RO         3085    i.__mathlib_dbl_overflow  m_ws.l(dunder.o)
    0x0800e36c   0x0800e36c   0x00000010   Code   RO         3087    i.__mathlib_dbl_underflow  m_ws.l(dunder.o)
    0x0800e37c   0x0800e37c   0x0000000a   Code   RO         3097    i.__mathlib_flt_divzero  m_ws.l(funder.o)
    0x0800e386   0x0800e386   0x00000006   Code   RO         3098    i.__mathlib_flt_infnan  m_ws.l(funder.o)
    0x0800e38c   0x0800e38c   0x00000008   Code   RO         3100    i.__mathlib_flt_invalid  m_ws.l(funder.o)
    0x0800e394   0x0800e394   0x0000000c   Code   RO         3168    i.__read_errno      mc_w.l(errno.o)
    0x0800e3a0   0x0800e3a0   0x0000000e   Code   RO         3212    i.__scatterload_copy  mc_w.l(handlers.o)
    0x0800e3ae   0x0800e3ae   0x00000002   Code   RO         3213    i.__scatterload_null  mc_w.l(handlers.o)
    0x0800e3b0   0x0800e3b0   0x0000000e   Code   RO         3214    i.__scatterload_zeroinit  mc_w.l(handlers.o)
    0x0800e3be   0x0800e3be   0x00000002   PAD
    0x0800e3c0   0x0800e3c0   0x0000000c   Code   RO         3169    i.__set_errno       mc_w.l(errno.o)
    0x0800e3cc   0x0800e3cc   0x00000184   Code   RO         3002    i._fp_digits        mc_w.l(printfa.o)
    0x0800e550   0x0800e550   0x0000000e   Code   RO         3200    i._is_digit         mc_w.l(scanf_fp.o)
    0x0800e55e   0x0800e55e   0x00000002   PAD
    0x0800e560   0x0800e560   0x000006dc   Code   RO         3003    i._printf_core      mc_w.l(printfa.o)
    0x0800ec3c   0x0800ec3c   0x00000024   Code   RO         3004    i._printf_post_padding  mc_w.l(printfa.o)
    0x0800ec60   0x0800ec60   0x0000002e   Code   RO         3005    i._printf_pre_padding  mc_w.l(printfa.o)
    0x0800ec8e   0x0800ec8e   0x00000016   Code   RO         3006    i._snputc           mc_w.l(printfa.o)
    0x0800eca4   0x0800eca4   0x0000000a   Code   RO         3007    i._sputc            mc_w.l(printfa.o)
    0x0800ecae   0x0800ecae   0x00000002   PAD
    0x0800ecb0   0x0800ecb0   0x00000270   Code   RO         2678    i.asin              m_ws.l(asin.o)
    0x0800ef20   0x0800ef20   0x00000220   Code   RO         2688    i.atan              m_ws.l(atan.o)
    0x0800f140   0x0800f140   0x0000002a   Code   RO         2698    i.atof              m_ws.l(atof.o)
    0x0800f16a   0x0800f16a   0x00000002   PAD
    0x0800f16c   0x0800f16c   0x00000078   Code   RO         2702    i.ceilf             m_ws.l(ceilf.o)
    0x0800f1e4   0x0800f1e4   0x00000094   Code   RO         2706    i.fmod              m_ws.l(fmod.o)
    0x0800f278   0x0800f278   0x000001b4   Code   RO         2714    i.log10f            m_ws.l(log10f.o)
    0x0800f42c   0x0800f42c   0x000009d8   Code   RO         2724    i.pow               m_ws.l(pow.o)
    0x0800fe04   0x0800fe04   0x0000004c   Code   RO         2734    i.sqrt              m_ws.l(sqrt.o)
    0x0800fe50   0x0800fe50   0x000000f0   Data   RO           64    .constdata          cmd_fn.o
    0x0800ff40   0x0800ff40   0x0000000e   Data   RO          650    .constdata          deca_device.o
    0x0800ff4e   0x0800ff4e   0x00000818   Data   RO          755    .constdata          oled_i2c.o
    0x08010766   0x08010766   0x00000012   Data   RO          859    .constdata          usb_desc.o
    0x08010778   0x08010778   0x00000043   Data   RO          860    .constdata          usb_desc.o
    0x080107bb   0x080107bb   0x00000004   Data   RO          861    .constdata          usb_desc.o
    0x080107bf   0x080107bf   0x00000018   Data   RO          862    .constdata          usb_desc.o
    0x080107d7   0x080107d7   0x00000026   Data   RO          863    .constdata          usb_desc.o
    0x080107fd   0x080107fd   0x00000003   PAD
    0x08010800   0x08010800   0x00000014   Data   RO         2353    .constdata          pdoa.lib(ds_twr_sts_sdc_responder.o)
    0x08010814   0x08010814   0x00000004   PAD
    0x08010818   0x08010818   0x00000050   Data   RO         2679    .constdata          m_ws.l(asin.o)
    0x08010868   0x08010868   0x00000098   Data   RO         2689    .constdata          m_ws.l(atan.o)
    0x08010900   0x08010900   0x00000040   Data   RO         2715    .constdata          m_ws.l(log10f.o)
    0x08010940   0x08010940   0x00000088   Data   RO         2725    .constdata          m_ws.l(pow.o)
    0x080109c8   0x080109c8   0x00000008   Data   RO         3113    .constdata          m_ws.l(qnan.o)
    0x080109d0   0x080109d0   0x00000081   Data   RO         3140    .constdata          mc_w.l(ctype_o.o)
    0x08010a51   0x08010a51   0x00000003   PAD
    0x08010a54   0x08010a54   0x00000004   Data   RO         3141    .constdata          mc_w.l(ctype_o.o)
    0x08010a58   0x08010a58   0x0000016a   Data   RO           65    .conststring        cmd_fn.o
    0x08010bc2   0x08010bc2   0x00000002   PAD
    0x08010bc4   0x08010bc4   0x000001c9   Data   RO           66    .conststring        cmd_fn.o
    0x08010d8d   0x08010d8d   0x00000003   PAD
    0x08010d90   0x08010d90   0x0000003f   Data   RO         2160    .conststring        aitcmd.lib(ait_cmd.o)
    0x08010dcf   0x08010dcf   0x00000001   PAD
    0x08010dd0   0x08010dd0   0x00000043   Data   RO         2517    .conststring        twr.lib(config.o)
    0x08010e13   0x08010e13   0x00000001   PAD
    0x08010e14   0x08010e14   0x00000020   Data   RO         3210    Region$$Table       anon$$obj.o


    Execution Region RW_IRAM1 (Exec base: 0x20000000, Load base: 0x08010e34, Size: 0x00003d70, Max: 0x00005000, ABSOLUTE, COMPRESSED[0x000003e0])

    Exec Addr    Load Addr    Size         Type   Attr      Idx    E Section Name        Object

    0x20000000   COMPRESSED   0x00000004   Data   RW           67    .data               cmd_fn.o
    0x20000004   COMPRESSED   0x00000ccc   Data   RW          239    .data               generic.o
    0x20000cd0   COMPRESSED   0x00000004   Data   RW          301    .data               generic_cmd.o
    0x20000cd4   COMPRESSED   0x00000001   Data   RW          343    .data               user_out.o
    0x20000cd5   COMPRESSED   0x00000001   PAD
    0x20000cd6   COMPRESSED   0x00000012   Data   RW          465    .data               hal_led.o
    0x20000ce8   COMPRESSED   0x00000004   Data   RW          527    .data               hal_timer.o
    0x20000cec   COMPRESSED   0x00000001   Data   RW          559    .data               hal_usart.o
    0x20000ced   COMPRESSED   0x00000003   PAD
    0x20000cf0   COMPRESSED   0x00000004   Data   RW          651    .data               deca_device.o
    0x20000cf4   COMPRESSED   0x00000101   Data   RW          756    .data               oled_i2c.o
    0x20000df5   COMPRESSED   0x00000003   PAD
    0x20000df8   COMPRESSED   0x00000008   Data   RW          791    .data               hw_config.o
    0x20000e00   COMPRESSED   0x00000026   Data   RW          864    .data               usb_desc.o
    0x20000e26   COMPRESSED   0x00000002   PAD
    0x20000e28   COMPRESSED   0x00000008   Data   RW          890    .data               usb_endp.o
    0x20000e30   COMPRESSED   0x0000000c   Data   RW          919    .data               usb_istr.o
    0x20000e3c   COMPRESSED   0x0000001c   Data   RW          920    .data               usb_istr.o
    0x20000e58   COMPRESSED   0x0000001c   Data   RW          921    .data               usb_istr.o
    0x20000e74   COMPRESSED   0x0000006c   Data   RW          981    .data               usb_prop.o
    0x20000ee0   COMPRESSED   0x00000002   Data   RW          982    .data               usb_prop.o
    0x20000ee2   COMPRESSED   0x00000002   PAD
    0x20000ee4   COMPRESSED   0x00000024   Data   RW          983    .data               usb_prop.o
    0x20000f08   COMPRESSED   0x00000004   Data   RW         1019    .data               usb_pwr.o
    0x20000f0c   COMPRESSED   0x00000001   Data   RW         1020    .data               usb_pwr.o
    0x20000f0d   COMPRESSED   0x00000003   PAD
    0x20000f10   COMPRESSED   0x00000008   Data   RW         1021    .data               usb_pwr.o
    0x20000f18   COMPRESSED   0x00000004   Data   RW         1052    .data               usb_core.o
    0x20000f1c   COMPRESSED   0x00000001   Data   RW         1108    .data               usb_init.o
    0x20000f1d   COMPRESSED   0x00000003   PAD
    0x20000f20   COMPRESSED   0x0000000c   Data   RW         1109    .data               usb_init.o
    0x20000f2c   COMPRESSED   0x00000002   Data   RW         1111    .data               usb_init.o
    0x20000f2e   COMPRESSED   0x00000004   Data   RW         1145    .data               usb_int.o
    0x20000f32   COMPRESSED   0x00000002   PAD
    0x20000f34   COMPRESSED   0x00000004   Data   RW         1254    .data               lis2dh12.o
    0x20000f38   COMPRESSED   0x00000002   Data   RW         1314    .data               stm32f10x_it_1.o
    0x20000f3a   COMPRESSED   0x00000014   Data   RW         1950    .data               stm32f10x_rcc.o
    0x20000f4e   COMPRESSED   0x00000002   PAD
    0x20000f50   COMPRESSED   0x00000014   Data   RW         2129    .data               system_stm32f10x.o
    0x20000f64   COMPRESSED   0x00000010   Data   RW         2161    .data               aitcmd.lib(ait_cmd.o)
    0x20000f74   COMPRESSED   0x00000010   Data   RW         2162    .data               aitcmd.lib(ait_cmd.o)
    0x20000f84   COMPRESSED   0x00000010   Data   RW         2163    .data               aitcmd.lib(ait_cmd.o)
    0x20000f94   COMPRESSED   0x00000010   Data   RW         2164    .data               aitcmd.lib(ait_cmd.o)
    0x20000fa4   COMPRESSED   0x00000010   Data   RW         2165    .data               aitcmd.lib(ait_cmd.o)
    0x20000fb4   COMPRESSED   0x00000010   Data   RW         2166    .data               aitcmd.lib(ait_cmd.o)
    0x20000fc4   COMPRESSED   0x00000010   Data   RW         2167    .data               aitcmd.lib(ait_cmd.o)
    0x20000fd4   COMPRESSED   0x00000010   Data   RW         2168    .data               aitcmd.lib(ait_cmd.o)
    0x20000fe4   COMPRESSED   0x00000010   Data   RW         2169    .data               aitcmd.lib(ait_cmd.o)
    0x20000ff4   COMPRESSED   0x00000010   Data   RW         2170    .data               aitcmd.lib(ait_cmd.o)
    0x20001004   COMPRESSED   0x00000010   Data   RW         2171    .data               aitcmd.lib(ait_cmd.o)
    0x20001014   COMPRESSED   0x00000010   Data   RW         2172    .data               aitcmd.lib(ait_cmd.o)
    0x20001024   COMPRESSED   0x00000010   Data   RW         2173    .data               aitcmd.lib(ait_cmd.o)
    0x20001034   COMPRESSED   0x00000010   Data   RW         2174    .data               aitcmd.lib(ait_cmd.o)
    0x20001044   COMPRESSED   0x00000010   Data   RW         2175    .data               aitcmd.lib(ait_cmd.o)
    0x20001054   COMPRESSED   0x00000010   Data   RW         2176    .data               aitcmd.lib(ait_cmd.o)
    0x20001064   COMPRESSED   0x00000010   Data   RW         2177    .data               aitcmd.lib(ait_cmd.o)
    0x20001074   COMPRESSED   0x00000010   Data   RW         2178    .data               aitcmd.lib(ait_cmd.o)
    0x20001084   COMPRESSED   0x00000010   Data   RW         2179    .data               aitcmd.lib(ait_cmd.o)
    0x20001094   COMPRESSED   0x00000010   Data   RW         2180    .data               aitcmd.lib(ait_cmd.o)
    0x200010a4   COMPRESSED   0x00000010   Data   RW         2181    .data               aitcmd.lib(ait_cmd.o)
    0x200010b4   COMPRESSED   0x00000010   Data   RW         2182    .data               aitcmd.lib(ait_cmd.o)
    0x200010c4   COMPRESSED   0x00000010   Data   RW         2183    .data               aitcmd.lib(ait_cmd.o)
    0x200010d4   COMPRESSED   0x00000010   Data   RW         2184    .data               aitcmd.lib(ait_cmd.o)
    0x200010e4   COMPRESSED   0x00000010   Data   RW         2185    .data               aitcmd.lib(ait_cmd.o)
    0x200010f4   COMPRESSED   0x00000010   Data   RW         2186    .data               aitcmd.lib(ait_cmd.o)
    0x20001104   COMPRESSED   0x00000010   Data   RW         2187    .data               aitcmd.lib(ait_cmd.o)
    0x20001114   COMPRESSED   0x00000010   Data   RW         2188    .data               aitcmd.lib(ait_cmd.o)
    0x20001124   COMPRESSED   0x00000010   Data   RW         2189    .data               aitcmd.lib(ait_cmd.o)
    0x20001134   COMPRESSED   0x00000010   Data   RW         2190    .data               aitcmd.lib(ait_cmd.o)
    0x20001144   COMPRESSED   0x00000010   Data   RW         2191    .data               aitcmd.lib(ait_cmd.o)
    0x20001154   COMPRESSED   0x00000010   Data   RW         2192    .data               aitcmd.lib(ait_cmd.o)
    0x20001164   COMPRESSED   0x00000010   Data   RW         2193    .data               aitcmd.lib(ait_cmd.o)
    0x20001174   COMPRESSED   0x000000fc   Data   RW         2194    .data               aitcmd.lib(ait_cmd.o)
    0x20001270   COMPRESSED   0x0000008d   Data   RW         2292    .data               pdoa.lib(ds_twr_sts_sdc_initiator.o)
    0x200012fd   COMPRESSED   0x00000003   PAD
    0x20001300   COMPRESSED   0x00000095   Data   RW         2354    .data               pdoa.lib(ds_twr_sts_sdc_responder.o)
    0x20001395   COMPRESSED   0x00000003   PAD
    0x20001398   COMPRESSED   0x00000008   Data   RW         2381    .data               pdoa.lib(tag_list.o)
    0x200013a0   COMPRESSED   0x00000014   Data   RW         2419    .data               twr.lib(node.o)
    0x200013b4   COMPRESSED   0x00000004   Data   RW         2483    .data               twr.lib(uwb.o)
    0x200013b8   COMPRESSED   0x00000004   Data   RW         2518    .data               twr.lib(config.o)
    0x200013bc   COMPRESSED   0x0000000c   Data   RW         2636    .data               twr.lib(config_options.o)
    0x200013c8   COMPRESSED   0x0000000e   Data   RW         2638    .data               twr.lib(config_options.o)
    0x200013d6   COMPRESSED   0x00000002   PAD
    0x200013d8   COMPRESSED   0x00000004   Data   RW         3170    .data               mc_w.l(errno.o)
    0x200013dc        -       0x000001d8   Zero   RW          300    .bss                generic_cmd.o
    0x200015b4        -       0x00000010   Zero   RW          342    .bss                user_out.o
    0x200015c4        -       0x00000100   Zero   RW          558    .bss                hal_usart.o
    0x200016c4        -       0x00000140   Zero   RW          649    .bss                deca_device.o
    0x20001804        -       0x00000230   Zero   RW          788    .bss                hw_config.o
    0x20001a34        -       0x00000080   Zero   RW          889    .bss                usb_endp.o
    0x20001ab4        -       0x00000020   Zero   RW         1018    .bss                usb_pwr.o
    0x20001ad4        -       0x0000001c   Zero   RW         1107    .bss                usb_init.o
    0x20001af0        -       0x00000131   Zero   RW         2159    .bss                aitcmd.lib(ait_cmd.o)
    0x20001c21        -       0x00000028   Zero   RW         2291    .bss                pdoa.lib(ds_twr_sts_sdc_initiator.o)
    0x20001c49   COMPRESSED   0x00000007   PAD
    0x20001c50        -       0x000007b0   Zero   RW         2352    .bss                pdoa.lib(ds_twr_sts_sdc_responder.o)
    0x20002400        -       0x000006d0   Zero   RW         2418    .bss                twr.lib(node.o)
    0x20002ad0        -       0x000002a0   Zero   RW         2565    .bss                twr.lib(tag.o)
    0x20002d70        -       0x00001000   Zero   RW         2118    STACK               startup_stm32f10x_md.o


==============================================================================

Image component sizes


      Code (inc. data)   RO Data    RW Data    ZI Data      Debug   Object Name

       316         24          0          0          0       8314   cmd.o
      3120        528       1059          4          0     342091   cmd_fn.o
      9520        416         14          4        320      51822   deca_device.o
        52          0          0          0          0      26142   deca_mutex.o
         4          0          0          0          0        493   example_info.o
       532        142          0       3276          0       4855   generic.o
       768         22          0          4        472       5540   generic_cmd.o
       104          4          0          0          0        606   hal_drivers.o
       122          0          0          0          0       1572   hal_flash.o
       720        114          0          0          0       1763   hal_iic.o
       380         18          0         18          0       3382   hal_led.o
       304         12          0          0          0       1547   hal_spi.o
       276          8          0          4          0      27597   hal_timer.o
       812         26          0          1        256       4615   hal_usart.o
        30          0          0          0          0       4112   hal_usb.o
       408         30          0          8        560       5785   hw_config.o
      1024         74          0          4          0       3478   lis2dh12.o
       304         34          0          0          0       1757   main_1.o
       176         14          0          0          0       1989   misc.o
      1180        116       2072        257          0       5038   oled_i2c.o
       982          0          0          0          0       5947   queue.o
        92         48          0          0          0        618   read_dev_id.o
        36          8        236          0       4096        812   startup_stm32f10x_md.o
       456         10          0          0          0       4774   stm32f10x_dma.o
       232          8          0          0          0       2491   stm32f10x_exti.o
      1148         22          0          0          0       9292   stm32f10x_flash.o
       620         36          0          0          0       5953   stm32f10x_gpio.o
       808         14          0          0          0       9759   stm32f10x_i2c.o
       296        100          0          2          0       2021   stm32f10x_it_1.o
        60          6          0          0          0       1353   stm32f10x_iwdg.o
       692         32          0         20          0       9100   stm32f10x_rcc.o
       628         14          0          0          0       7090   stm32f10x_spi.o
      2804         86          0          0          0      23074   stm32f10x_tim.o
       808         22          0          0          0       8872   stm32f10x_usart.o
       340         32          0         20          0       1895   system_stm32f10x.o
      1992         88          0          4          0      20009   usb_core.o
         0          0        151         38          0       1103   usb_desc.o
       180         12          0          8        128       1680   usb_endp.o
        40         18          0         15         28       4074   usb_init.o
       452         28          0          4          0       1867   usb_int.o
       336         26          0         68          0       1655   usb_istr.o
        12          0          0          0          0        574   usb_it.o
        72          6          0          0          0       1398   usb_mem.o
       500         22          0        146          0       7283   usb_prop.o
       432         36          0         13         32       3005   usb_pwr.o
      1712         28          0          0          0      11399   usb_regs.o
       108         10          0          0          0       1422   usb_sil.o
       344         94          0          1         16       4484   user_out.o

    ----------------------------------------------------------------------
     36340       2388       3572       3940       5908     655502   Object Totals
         0          0         32          0          0          0   (incl. Generated)
         6          0          8         21          0          0   (incl. Padding)

    ----------------------------------------------------------------------

      Code (inc. data)   RO Data    RW Data    ZI Data      Debug   Library Member Name

      4236        960         63        780        305      37345   ait_cmd.o
       624         52         80          0          0        168   asin.o
       544         70        152          0          0        124   atan.o
        42          0          0          0          0         84   atof.o
       120         10          0          0          0         84   ceilf.o
        68         10          0          0          0        408   dunder.o
       148          4          0          0          0         88   fmod.o
        40          0          0          0          0         68   fpclassify.o
        24          0          0          0          0        204   funder.o
       436         52         64          0          0        132   log10f.o
       170          0          0          0          0         96   poly.o
      2520        190        136          0          0        324   pow.o
         0          0          8          0          0          0   qnan.o
        76          0          0          0          0         84   sqrt.o
        86          0          0          0          0          0   __dczerorl2.o
       124          0          0          0          0         92   __strtoull.o
        28          0          0          0          0         68   _chval.o
        64          0          0          0          0         84   _sgetc.o
       158          0          0          0          0         92   _strtoul.o
       194          0          0          0          0         96   _strtoull.o
        26          0          0          0          0         80   atoi.o
         8          4        133          0          0         68   ctype_o.o
         0          0          0          0          0          0   entry.o
         0          0          0          0          0          0   entry10a.o
         0          0          0          0          0          0   entry11a.o
         8          4          0          0          0          0   entry2.o
         4          0          0          0          0          0   entry5.o
         0          0          0          0          0          0   entry7b.o
         0          0          0          0          0          0   entry8b.o
         8          4          0          0          0          0   entry9a.o
        32         16          0          4          0        204   errno.o
        30          0          0          0          0          0   handlers.o
        36          8          0          0          0         68   init.o
        18          0          0          0          0         76   isspace_o.o
         0          0          0          0          0          0   iusefp.o
        30          0          0          0          0         68   llshl.o
        36          0          0          0          0         68   llsshr.o
        32          0          0          0          0         68   llushr.o
        26          0          0          0          0         80   memcmp.o
        36          0          0          0          0         68   memcpya.o
        36          0          0          0          0        108   memseta.o
      2390         94          0          0          0        752   printfa.o
       878         12          0          0          0        216   scanf_fp.o
        14          0          0          0          0         68   strlen.o
        36          0          0          0          0         80   strstr.o
       156         12          0          0          0        120   strtod.o
       112          0          0          0          0         88   strtol.o
       114          0          0          0          0         92   strtoul.o
         4          0          0          0          0         68   strtoull.o
        12          0          0          0          0         68   toupper.o
        44          0          0          0          0         80   uidiv.o
        98          0          0          0          0         92   uldiv.o
        48          0          0          0          0         68   cdcmple.o
        48          0          0          0          0         68   cdrcmple.o
        20          0          0          0          0         68   cfrcmple.o
        56          0          0          0          0         88   d2f.o
       334          0          0          0          0        148   dadd.o
       222          0          0          0          0        100   ddiv.o
       186          0          0          0          0        176   depilogue.o
        62          0          0          0          0         80   dfixi.o
        74          0          0          0          0         80   dfixl.o
        50          0          0          0          0         76   dfixui.o
        48          0          0          0          0         68   dfixul.o
        34          0          0          0          0         76   dflti.o
        40          0          0          0          0         80   dfltl.o
        26          0          0          0          0         76   dfltui.o
        24          0          0          0          0         76   dfltul.o
       228          0          0          0          0         96   dmul.o
       134          0          0          0          0         96   drem.o
        46          0          0          0          0         80   dscalb.o
       162          0          0          0          0        100   dsqrt.o
        38          0          0          0          0         68   f2d.o
       176          0          0          0          0        140   fadd.o
       124          0          0          0          0         88   fdiv.o
       110          0          0          0          0        168   fepilogue.o
        50          0          0          0          0         68   ffixi.o
        40          0          0          0          0         68   ffixui.o
        18          0          0          0          0         68   fflti.o
        44          0          0          0          0         92   ffltl.o
        10          0          0          0          0         68   ffltui.o
       100          0          0          0          0         76   fmul.o
        24          0          0          0          0         68   fscalb.o
       656         96          0          0          0       4454   osal.o
      1168        198          0        141         40       4773   ds_twr_sts_sdc_initiator.o
      2192        220         20        149       1968       6342   ds_twr_sts_sdc_responder.o
       704        170          0          0          0       2705   json_2pc.o
       676         46          0          0          0       4587   shared_functions.o
       440         10          0          8          0      16524   tag_list.o
        92         32         67          4          0       8602   config.o
         0          0          0         26          0        732   config_options.o
       464         62          0          0          0       1429   msg_time.o
      2520        238          0         20       1744      11395   node.o
      2246        172          0          0        672       9994   tag.o
       200         36          0          0          0       1966   util.o
       656         22          0          4          0       5025   uwb.o

    ----------------------------------------------------------------------
     28528       2804        732       1144       4736     123521   Library Totals
        12          0          9          8          7          0   (incl. Padding)

    ----------------------------------------------------------------------

      Code (inc. data)   RO Data    RW Data    ZI Data      Debug   Library Name

      4236        960         63        780        305      37345   aitcmd.lib
      4812        388        440          0          0       1864   m_ws.l
      4878        154        133          4          0       3112   mc_w.l
      2576          0          0          0          0       2672   mf_w.l
       656         96          0          0          0       4454   os.lib
      5180        644         20        298       2008      34931   pdoa.lib
      6178        562         67         54       2416      39143   twr.lib

    ----------------------------------------------------------------------
     28528       2804        732       1144       4736     123521   Library Totals

    ----------------------------------------------------------------------

==============================================================================


      Code (inc. data)   RO Data    RW Data    ZI Data      Debug   

     64868       5192       4304       5084      10644     767451   Grand Totals
     64868       5192       4304        992      10644     767451   ELF Image Totals (compressed)
     64868       5192       4304        992          0          0   ROM Totals

==============================================================================

    Total RO  Size (Code + RO Data)                69172 (  67.55kB)
    Total RW  Size (RW Data + ZI Data)             15728 (  15.36kB)
    Total ROM Size (Code + RO Data + RW Data)      70164 (  68.52kB)

==============================================================================

